== api-regression begin ==
TAP version 14
1..632
ok 1 - rtl/status/success
ok 2 - rtl/status/file_not_found
ok 3 - rtl/status/file_exists
ok 4 - rtl/status/no_such_file
ok 5 - rtl/status/path_not_found
ok 6 - rtl/status/end_of_file
ok 7 - rtl/status/access_denied
ok 8 - rtl/status/invalid_handle
ok 9 - rtl/status/invalid_parameter
ok 10 - rtl/status/disk_full
ok 11 - rtl/status/sharing_violation
ok 12 - rtl/status/buffer_too_small
ok 13 - rtl/string/init_ansi
ok 14 - rtl/string/init_unicode
ok 15 - rtl/string/equal_ansi
ok 16 - rtl/string/equal_ansi_case
ok 17 - rtl/string/equal_unicode
ok 18 - rtl/string/compare_unicode
ok 19 - rtl/string/ansi_to_unicode
ok 20 - rtl/string/compare_memory_ulong
ok 21 - rtl/string/init_ansi_null
ok 22 - rtl/time/known_epoch
ok 23 - rtl/time/roundtrip
ok 24 - rtl/time/invalid
ok 25 - rtl/memory/zero_fills
ok 26 - rtl/memory/zero_length_noop
ok 27 - rtl/memory/zero_bounds
ok 28 - rtl/memory/fill_pattern
ok 29 - rtl/memory/fill_ulong
ok 30 - rtl/memory/move_overlap
ok 31 - rtl/memory/compare_memory
ok 32 - rtl/memory/compare_ulong
ok 33 - rtl/strconv/upper_char
ok 34 - rtl/strconv/copy_unicode
ok 35 - rtl/strconv/upcase_unicode_inplace
ok 36 - rtl/strconv/upcase_unicode_alloc
ok 37 - rtl/strconv/create_unicode
ok 38 - rtl/strconv/append_unicode_to_string
ok 39 - rtl/strconv/append_unicode_string_to_string
ok 40 - rtl/strconv/multibyte_to_unicode
ok 41 - rtl/strconv/unicode_to_multibyte
ok 42 - rtl/strconv/map_generic_mask
ok 43 - rtl/intconv/char_to_integer
ok 44 - rtl/intconv/unicode_string_to_integer
ok 45 - rtl/intconv/integer_to_char
ok 46 - rtl/intconv/integer_to_unicode_string
ok 47 - rtl/intconv/compare_string
ok 48 - rtl/intconv/copy_string
ok 49 - rtl/intconv/upper_string
ok 50 - rtl/intconv/append_string_to_string
ok 51 - rtl/intconv/free_ansi_string
ok 52 - rtl/intconv/extended_integer_multiply
ok 53 - rtl/intconv/extended_large_integer_divide
ok 54 - rtl/intconv/extended_magic_divide
ok 55 - rtl/nlscase/upcase_unicode_char
ok 56 - rtl/nlscase/downcase_unicode_char
ok 57 - rtl/nlscase/lower_char
ok 58 - rtl/nlscase/downcase_unicode_string
ok 59 - rtl/nlscase/multibyte_to_unicode_size
ok 60 - rtl/nlscase/unicode_to_multibyte_size
ok 61 - rtl/nlscase/upcase_unicode_to_multibyte
ok 62 - rtl/printf/sprintf
ok 63 - rtl/printf/snprintf_fits
ok 64 - rtl/printf/snprintf_truncates
ok 65 - rtl/printf/vsprintf
ok 66 - rtl/printf/vsnprintf
ok 67 - rtl/critsec/and_region_roundtrip
ok 68 - rtl/critsec/and_region_reuse
ok 69 - rtl/critsec/plain_init_state
ok 70 - rtl/critsec/plain_roundtrip
ok 71 - rtl/critsec/plain_recursion
ok 72 - rtl/critsec/try_enter_free
ok 73 - rtl/critsec/try_enter_recursive
ok 74 - rtl/byteswap/ushort_byte_swap
ok 75 - rtl/byteswap/ulong_byte_swap
ok 76 - rtl/framewalk/walk_frame_chain
ok 77 - rtl/framewalk/capture_stack_backtrace
ok 78 - rtl/framewalk/capture_backtrace_hash
ok 79 - rtl/framewalk/get_callers_address
ok 80 - ke/event/init_notification_not_signaled
ok 81 - ke/event/init_notification_signaled
ok 82 - ke/event/set_then_wait
ok 83 - ke/event/reset
ok 84 - ke/event/synchronization_auto_resets
ok 85 - ke/semaphore/init_zero
ok 86 - ke/semaphore/init_two
ok 87 - ke/semaphore/release_increments
ok 88 - ke/time/query_system_time_nonzero
ok 89 - ke/time/perf_frequency_xbox
ok 90 - ke/time/perf_counter_monotonic
ok 91 - ke/time/tick_count_advances
ok 92 - ke/time/delay_returns_after_interval
ok 93 - ke/time/delay_long_cumulative
ok 94 - ke/time/stall_returns
ok 95 - ke/time/set_system_time_roundtrip
ok 96 - ke/timebase/time_increment
ok 97 - ke/timebase/interrupt_time_advances
ok 98 - ke/timebase/interrupt_time_matches_query
ok 99 - ke/timebase/system_time_matches_query
ok 100 - ex/pool/alloc_small
ok 101 - ex/pool/alloc_repeated
ok 102 - ex/pool/alloc_page_sized
ok 103 - ex/pool/alloc_large
ok 104 - ex/raise/raise_status
ok 105 - ex/raise/raise_exception
ok 106 - ex/rwlock/init_fields
ok 107 - ex/rwlock/exclusive_roundtrip
ok 108 - ex/rwlock/shared_roundtrip
ok 109 - ex/rwlock/nested_readers
ok 110 - ex/rwlock/sequential_reuse
ok 111 - ex/interlocked/add_large_integer
ok 112 - ex/interlocked/add_large_statistic
ok 113 - ex/interlocked/compare_exchange64
ok 114 - ex/interlocked/compare_exchange
ok 115 - ex/interlocked/exchange_add
ok 116 - ex/list/insert_head
ok 117 - ex/list/insert_tail
ok 118 - ex/list/remove_head
# physmap: reserved runs (PA range : pages) --
# physmap:  0000d000-00011000  4
# physmap:  00030000-00031000  1
# physmap:  0003f000-00040000  1
# physmap:  03fc0000-03fc1000  1
# physmap:  03fcf000-03fe0000  17
# physmap:  03ff0000-04000000  16
# physmap: total reserved (incl. PFN 0) = 41 pages
ok 119 - mm/contig/phys_map_probe
# low-floor: 14336 pages committed, min PA 04675000
# low-floor at exhaustion: 00001=F 00005=F 0000e=-
ok 120 - mm/contig/low_floor_probe
# sysmem: va=0xd0000000
ok 121 - mm/contig/system_memory
# regions (F=allocatable): 00000=- 00001=F 00005=F 0000e=- 0000f=- 00010=- 00030=- 00060=F 03ef0=F 03f00=F 03fa0=F 03fe0=F 03ff0=- 03fff=-
ok 122 - mm/contig/region_probe
# probe: stats total=32768 avail=32134 vmcommit=1044480 pool=43 stack=40 image=239
# probe: xbe image PA @10000=07fa9000 @11000=07fa8000 @20000=07f99000 @40000=07f79000
# probe: vm singles PA: 04677000 04676000 04678000 04679000 0467a000 0467b000 0467c000 0467d000
# probe: pool pages PA: 0467e000 0467f000 04680000 04681000
# probe: 1MB pool PA first=04682000 last=04781000
# probe: 256KB contig PA=03f80000
# probe: reloc pin [04600000,+1MB) over vm page 04677000 -> NULL
# probe: reloc pin [04600000,+1MB) over pool page 0467e000 -> NULL
# probe: recommit after free PA=04679000
ok 123 - mm/contig/placement_probe
ok 124 - mm/contig/alloc_one_page
ok 125 - mm/contig/alloc_aligned
ok 126 - mm/contig/physical_in_range
ok 127 - mm/contig/query_statistics
ok 128 - io/file/open_missing
ok 129 - io/file/create_then_open
ok 130 - io/file/write_read_4kb
ok 131 - io/file/delete_on_close
ok 132 - io/dvd/open_root
ok 133 - io/dvd/open_self
ok 134 - io/dvd/list_root
ok 135 - io/dvd/query_self_info
ok 136 - io/dvd/write_rejected
ok 137 - hal/data/disk_model_number
ok 138 - hal/data/disk_serial_number
ok 139 - hal/data/disk_cache_partition_count
ok 140 - hal/data/xbox_hardware_info_size
ok 141 - hal/data/xbox_krnl_version
ok 142 - hal/data/boot_smc_video_mode
ok 143 - hal/portio/read_buffer_ulong
ok 144 - hal/portio/read_buffer_ushort
ok 145 - hal/portio/read_buffer_uchar
ok 146 - hal/portio/write_buffer_ulong
ok 147 - hal/portio/write_buffer_uchar
ok 148 - hal/portio/write_buffer_ushort
ok 149 - ob/types/thread
ok 150 - ob/types/event
ok 151 - ob/types/semaphore
ok 152 - ob/types/mutant
ok 153 - ob/types/timer
ok 154 - ob/types/file
ok 155 - ob/types/device
ok 156 - ob/types/symlink
ok 157 - ob/types/symlink_type_guards_a_reference
ok 158 - ps/thread/create_default
ok 159 - ps/thread/create_suspended
ok 160 - ps/thread/create_with_explicit_stack
ok 161 - ke/wait-apc/sleep_zero_usermode
ok 162 - ke/wait-apc/io_apc_delivered_around_alertable_userwait
ok 163 - ke/wait-apc/apc_delivered_after_nonalertable_userwait
ok 164 - ke/wait-apc/critical_region_pairs_are_balanced
ok 165 - mm/virtual/decommit_then_recommit
ok 166 - mm/virtual/partial_decommit
ok 167 - mm/virtual/query_after_decommit
ok 168 - mm/virtual/recommit_changes_protection
ok 169 - io/dirmask/heavy_star_mask
ok 170 - io/dirmask/dos_wildcards_literal
ok 171 - ob/named/named_mutant_shared
ok 172 - ob/named/named_event_shared
ok 173 - ob/named/pulse_after_close_reuse
ok 174 - ob/named/pulse_after_duplicate_close_reuse
ok 175 - io/bad-ptr/wait_garbage_handle
ok 176 - io/bad-ptr/read_zero_length_garbage_buffer
ok 177 - io/bad-ptr/write_zero_length_garbage_buffer
not ok 178 - io/bad-ptr/set_eof_beyond_free_space # TODO vfat trips its FAT 4 GB size cap (C000000D) before the free-space check; retail FATX returns STATUS_DISK_FULL
  ---
  at: /work/artifacts/optimization/final-release-v1/work-ez031wxy/source/tests/xbe/api-regression/io/bad_ptr.c:194
  message: s: got 0xc000000d expected 0xc000007f
  ...
ok 179 - mm/bigpool/bigpool_alignment
ok 180 - mm/bigpool/bigpool_churn
ok 181 - mm/bigpool/bigpool_recycle
# bigpool: MmIsAddressValid before=1 after-free=0
ok 182 - mm/bigpool/bigpool_freed_unmapped
# poolquery: req {1,8,13,16,100,1000,4080} -> {24,24,24,24,120,1016,4096}
# poolquery: req 5000 -> 8192
ok 183 - mm/bigpool/pool_query_sizes
# poolquery: small block valid before=1 after-free=1
ok 184 - mm/bigpool/pool_freed_small_still_mapped
ok 185 - io/cc-write/flush_buffers_visibility
ok 186 - io/cc-write/cross_handle_no_flush
ok 187 - io/cc-write/write_heavy_no_deadlock
ok 188 - io/cc-write/many_files_flush_on_close
ok 189 - io/cc-write/extend_preserves_data
ok 190 - io/cc-write/small_file_reopen
ok 191 - io/cc-write/subdir_small_reopen
ok 192 - io/cc-write/gap_write_extends
ok 193 - io/cc-write/allocsize_matches_eof
ok 194 - io/cc-write/attributes_match_retail
ok 195 - io/cc-write/prealloc_create_eof
ok 196 - io/cc-write/prealloc_write_partial
ok 197 - io/cc-write/prealloc_write_full
ok 198 - io/cc-write/prealloc_setinfo_write_full
ok 199 - io/storage/flush_hdd_file
ok 200 - io/storage/flush_volume_handle
not ok 201 - io/storage/flush_volume_readonly # TODO retail flushes a read-only volume handle; nxkrnl returns ACCESS_DENIED
  ---
  at: /work/artifacts/optimization/final-release-v1/work-ez031wxy/source/tests/xbe/api-regression/io/storage.c:142
  message: s: got 0xc0000022 expected 0x00000000
  ...
ok 202 - io/storage/dvd_check_verify
ok 203 - io/storage/dvd_check_verify2
ok 204 - io/storage/dvd_check_verify_count
ok 205 - io/storage/dvd_check_verify_small_buffer
ok 206 - io/complete/event_async_write_read
ok 207 - xe/section/find_section
ok 208 - xe/section/boot_state
ok 209 - xe/section/reload_restores_content
ok 210 - xe/section/refcount_nesting
ok 211 - xe/section/shared_page_counters
ok 212 - mm/vmcontract/reserve_commit_regions
ok 213 - mm/vmcontract/size_rounding
ok 214 - mm/vmcontract/free_status_codes
ok 215 - mm/vmcontract/protect_roundtrip
# vmcontract: commit-time AvailablePages delta = 1024
ok 216 - mm/vmcontract/statistics_track_commit
# vmcontract: TOP_DOWN base=0x7ffd0000
ok 217 - mm/vmcontract/top_down
# vmcontract: middle release -> 0x00000000
ok 218 - mm/vmcontract/release_middle_splits
# vmcontract: NOACCESS commit -> 0x00000000
ok 219 - mm/vmcontract/noaccess_commit
# vmcontract: NOZERO commit -> 0x00000000
ok 220 - mm/vmcontract/nozero_commit
# statprobe baseline: total=32768 avail=32127 vmC=1044480 vmR=1044480 cache=16 pool=46 stack=43 image=239
# statprobe pool64k-alloc: dAvail=-17 dVmC=0 dCache=0 dPool=16 dStack=0 dImage=0
# statprobe pool64k-free: dAvail=16 dVmC=0 dCache=0 dPool=-16 dStack=0 dImage=0
# statprobe pool64b-alloc: dAvail=-1 dVmC=0 dCache=0 dPool=0 dStack=0 dImage=0
# statprobe contig64k-alloc: dAvail=-17 dVmC=0 dCache=0 dPool=0 dStack=0 dImage=0
# statprobe contig64k-free: dAvail=16 dVmC=0 dCache=0 dPool=0 dStack=0 dImage=0
# statprobe kstack32k-create: dAvail=-9 dVmC=0 dCache=0 dPool=0 dStack=8 dImage=0
# statprobe kstack32k-delete: dAvail=8 dVmC=0 dCache=0 dPool=0 dStack=-8 dImage=0
# statprobe thread64k-suspended: dAvail=-17 dVmC=0 dCache=0 dPool=0 dStack=16 dImage=0
# statprobe thread64k-exited: dAvail=16 dVmC=0 dCache=0 dPool=0 dStack=-16 dImage=0
# statprobe xtest-unload: dAvail=3 dVmC=-12288 dCache=0 dPool=0 dStack=0 dImage=-3
# statprobe xtest-load: dAvail=-3 dVmC=12288 dCache=0 dPool=0 dStack=0 dImage=3
# statprobe vm1m-commit: dAvail=-257 dVmC=1048576 dCache=0 dPool=0 dStack=0 dImage=0
# statprobe cache+16: dAvail=-16 dVmC=0 dCache=16 dPool=0 dStack=0 dImage=0
# statprobe final: total=32768 avail=32126 vmC=1044480 vmR=1044480 cache=16 pool=46 stack=43 image=239
ok 221 - mm/vmcontract/statistics_committed_probe
# cache: CachePagesCommitted before heavy IO = 16
# cache: CachePagesCommitted after heavy IO = 16
ok 222 - mm/cache/eviction_two_files
ok 223 - mm/cache/read_churn
ok 224 - mm/cache/truncate_shrinks
ok 225 - mm/cache/truncate_purges_dirty
# fsc: default cache pages = 16
# fsc: Set(64) -> 0x00000000, Get = 64
# fsc: restore(16) -> 0x00000000, Get = 16
ok 226 - mm/cache/fsc_cache_size
ok 227 - io/mdl/unbuffered_512k
ok 228 - io/mdl/buffered_1m
ok 229 - io/mdl/dvd_large_read
ok 230 - io/fileobj/head_fields
ok 231 - io/fileobj/current_byte_offset
ok 232 - io/fileobj/access_bits
ok 233 - io/fileobj/published_flags
ok 234 - io/fileobj/published_flags_survive_write
ok 235 - io/shareaccess/set_records_the_open
ok 236 - io/shareaccess/set_read_write_shared
ok 237 - io/shareaccess/set_no_access_resets
ok 238 - io/shareaccess/check_grants_compatible
ok 239 - io/shareaccess/check_without_update
ok 240 - io/shareaccess/check_denies_conflicting
ok 241 - io/shareaccess/remove_unwinds_the_open
ok 242 - io/shareaccess/remove_one_of_two
ok 243 - io/irplayout/create_device
ok 244 - io/irplayout/device_initial_fields
ok 245 - io/irplayout/device_initial_flags
ok 246 - io/irplayout/untouched_device_is_unreachable
ok 247 - io/irplayout/open_dispatches_create
ok 248 - io/irplayout/ioctl_major_index
ok 249 - io/irplayout/ioctl_control_code_offset
ok 250 - io/irplayout/ioctl_buffer_lengths
ok 251 - io/irplayout/ioctl_input_buffer
ok 252 - io/irplayout/stack_device_object
ok 253 - io/irplayout/irp_user_buffer
ok 254 - io/irplayout/iostatus_writeback
ok 255 - io/irplayout/stack_within_irp
ok 256 - io/fsdreq/build_returns_irp
ok 257 - io/fsdreq/read_major_is_two
ok 258 - io/fsdreq/write_major_is_three
ok 259 - io/fsdreq/stack_parameters
ok 260 - io/fsdreq/buffer_passed_through
ok 261 - io/fsdreq/call_driver_returns_status
ok 262 - io/fsdreq/completion_signals_and_reports
ok 263 - io/fsdreq/ioctl_build_and_dispatch
ok 264 - io/fsdreq/ioctl_build_parameters
ok 265 - io/syncreq/fsd_request_round_trip
ok 266 - io/syncreq/fsd_request_parameters
ok 267 - io/syncreq/ioctl_request_round_trip
ok 268 - io/syncreq/ioctl_request_parameters
ok 269 - io/syncreq/ioctl_returns_length
ok 270 - io/syncreq/driver_failure_surfaces
ok 271 - ke/waitmulti/any_picks_lowest_signaled
ok 272 - ke/waitmulti/all_drains_every_object
ok 273 - ke/waitmulti/all_unsatisfied_takes_nothing
ok 274 - ke/waitmulti/five_objects_with_block_array
ok 275 - ke/waitmulti/timeout_expires
ok 276 - ke/waitmulti/nt_any_over_handles
ok 277 - ke/waitmulti/nt_all_timeout
ok 278 - ke/waitmulti/nt_signal_and_wait
ok 279 - ke/waitmulti/nt_signal_and_wait_timeout
ok 280 - ob/symlink/create_open_query_delete
ok 281 - ob/symlink/query_short_buffer
ok 282 - ob/symlink/query_directory_object
ok 283 - ob/symlink/duplicate_keeps_object_alive
ok 284 - ob/symlink/duplicate_close_source
ok 285 - ob/symlink/make_temporary_unnames
ok 286 - io/finfo/position_info_roundtrip
ok 287 - io/finfo/basic_info_query_set
ok 288 - io/finfo/allocation_info_extend
ok 289 - io/finfo/rename_same_directory
ok 290 - io/finfo/disposition_deletes
ok 291 - io/finfo/volume_info_queries
ok 292 - io/finfo/delete_nonempty_dir_rejected
ok 293 - io/rawfs/dasd_open_mounts_raw
ok 294 - io/rawfs/sector_read
ok 295 - io/rawfs/fs_size_query
ok 296 - ke/exceptions/raise_exception_roundtrip
ok 297 - ke/exceptions/raise_status
ok 298 - ke/exceptions/read_access_violation
ok 299 - ke/exceptions/write_access_violation
ok 300 - ke/exceptions/integer_divide_by_zero
ok 301 - ke/exceptions/illegal_instruction
ok 302 - ke/exceptions/general_protection
ok 303 - ke/exceptions/single_step
ok 304 - ke/exceptions/integer_overflow
ok 305 - ke/exceptions/bound_range
ok 306 - ke/exceptions/dbg_break_point
ok 307 - ke/exceptions/dbg_break_point_with_status
ok 308 - ke/exceptions/rtl_assert
ok 309 - ke/exceptions/rtl_rip
ok 310 - ke/exceptions/breakpoint
ok 311 - ke/exceptions/continue_after_commit
ok 312 - ke/exceptions/search_order_and_unwind
ok 313 - ke/exceptions/context_read_layout
ok 314 - ke/exceptions/skip_instruction_continue
ok 315 - ke/exceptions/capture_context
not ok 316 - ke/exceptions/x87_divide_by_zero # TODO xemu TCG never raises unmasked FP exceptions
  ---
  at: /work/artifacts/optimization/final-release-v1/work-ez031wxy/source/tests/xbe/api-regression/ke/exceptions.c:182
  message: no exception was raised
  ...
not ok 317 - ke/exceptions/sse_divide_by_zero # TODO xemu TCG never raises unmasked FP exceptions
  ---
  at: /work/artifacts/optimization/final-release-v1/work-ez031wxy/source/tests/xbe/api-regression/ke/exceptions.c:182
  message: no exception was raised
  ...
ok 318 - io/fatx16/write_read_multicluster
ok 319 - io/fatx16/delete_returns_clusters
ok 320 - ob/handles/table_growth
ok 321 - ob/handles/slots_recycle
ok 322 - xc/parity/all_bytes_odd_parity
ok 323 - xc/parity/already_odd_unchanged
ok 324 - xc/parity/known_vectors
ok 325 - xc/parity/zero_length_noop
ok 326 - xc/crypto/sha1_abc
ok 327 - xc/crypto/sha1_empty
ok 328 - xc/crypto/sha1_incremental
ok 329 - xc/crypto/rc4_key_plaintext
ok 330 - xc/crypto/rc4_roundtrip
ok 331 - xc/crypto/hmac_jefe
ok 332 - xc/crypto/hmac_two_segments
ok 333 - xc/crypto/sha_context_layout
ok 334 - xc/crypto/sha_context_counts_bytes
ok 335 - xc/crypto/sha_final_reinitialises
ok 336 - xc/crypto/rc4_key_struct
ok 337 - xc/crypto/hmac_digest_width
ok 338 - xc/rsa/modexp_small
ok 339 - xc/rsa/modexp_reduces_base
ok 340 - xc/rsa/modexp_even_modulus
ok 341 - xc/rsa/modexp_identities
ok 342 - xc/rsa/modexp_rsa_block
ok 343 - xc/rsa/keylen
ok 344 - xc/rsa/keylen_is_not_derived
ok 345 - xc/rsa/verify_signature
ok 346 - xc/rsa/verify_wrong_digest
ok 347 - xc/rsa/verify_wrong_signature
ok 348 - xc/rsa/verify_smaller_key
ok 349 - xc/rsa/encpublic
ok 350 - xc/rsa/encpublic_is_verify_step
ok 351 - xc/rsa/encpublic_out_of_range
ok 352 - xc/rsa/encpublic_reads_past_the_modulus
ok 353 - xc/rsa/encpublic_wants_the_public_magic
ok 354 - xc/rsa/verify_wants_the_public_magic
ok 355 - xc/rsa/keylen_ignores_the_magic
ok 356 - xc/cipher/des_key_table
ok 357 - xc/cipher/des_key_table_extent
ok 358 - xc/cipher/triple_key_table
ok 359 - xc/cipher/any_cipher_but_zero_is_triple
ok 360 - xc/cipher/cbc_encrypt
ok 361 - xc/cipher/cbc_decrypt
ok 362 - xc/cipher/cbc_chains_across_calls
ok 363 - xc/cipher/cbc_without_a_whole_block
ok 364 - xc/cipher/triple_cbc
ok 365 - xc/cipher/cbc_in_place
ok 366 - xc/cipher/block_ecb
ok 367 - xc/cipher/block_operation_codes
ok 368 - xc/cipher/block_triple
ok 369 - xc/cipher/crypt_service
ok 370 - xc/vector/an_export_is_a_thunk
ok 371 - xc/vector/an_update_diverts_the_exports
ok 372 - xc/vector/the_out_parameter_is_the_rom_vector
ok 373 - xc/vector/an_empty_slot_keeps_what_is_installed
ok 374 - xc/vector/hashing_survives_a_round_trip
ok 375 - io/delete/delete_existing
ok 376 - io/delete/delete_missing
ok 377 - io/delete/delete_twice
ok 378 - io/delete/delete_while_open
ok 379 - ob/refname/directory_by_name
ok 380 - ob/refname/null_type_accepts_any
ok 381 - ob/refname/type_mismatch
ok 382 - ob/refname/missing_name
ok 383 - ob/refname/reference_is_counted
ok 384 - ob/refname/fast_reference_pairs
ok 385 - ke/devqueue/initialize
ok 386 - ke/devqueue/insert_remove
ok 387 - ke/devqueue/busy_flag_position
ok 388 - ke/devqueue/insert_by_key_orders
ok 389 - ke/devqueue/remove_by_key
ok 390 - ke/devqueue/remove_entry
ok 391 - ke/devqueue/device_object_queue
ok 392 - ke/devqueue/device_lock_follows_queue
# devqueue passive: caller=0 after=0
ok 393 - ke/devqueue/a_passive_level_caller_is_taken
ok 394 - ke/queue/initialize
ok 395 - ke/queue/initialize_explicit_count
ok 396 - ke/queue/insert_signals
ok 397 - ke/queue/remove_is_fifo
ok 398 - ke/queue/insert_head_jumps_the_line
ok 399 - ke/queue/remove_empty_times_out
ok 400 - ke/queue/remove_associates_the_thread
ok 401 - ke/queue/rundown_returns_entries
ok 402 - io/irpalloc/allocate_one_stack
ok 403 - io/irpalloc/allocate_grows_with_stack
ok 404 - io/irpalloc/reuse_after_free
ok 405 - io/irpalloc/initialize_caller_memory
ok 406 - io/devlife/delete_unopened
ok 407 - io/devlife/delete_with_handle_open
ok 408 - io/devlife/delete_leaves_the_driver_object_alone
ok 409 - io/asyncreq/build_read
ok 410 - io/asyncreq/build_write
ok 411 - io/asyncreq/no_iosb_is_accepted
ok 412 - io/asyncreq/dispatch_reaches_the_driver
ok 413 - io/scatter/scatter_reads_into_each_page
ok 414 - io/scatter/scatter_reads_from_an_offset
ok 415 - io/scatter/gather_writes_from_each_page
ok 416 - io/scatter/sub_page_length_transfers_that_much
ok 417 - io/scatter/segment_low_bits_are_ignored
ok 418 - io/scatter/buffered_handle_is_rejected
ok 419 - io/scatter/straddling_eof_is_a_short_read
ok 420 - io/scatter/read_past_eof_is_end_of_file
# async scatter read returned 0x00000000
ok 421 - io/scatter/asynchronous_handle_signals_its_event
# apc scatter read: status=0x00000000 wait=0x00000102 calls=1
ok 422 - io/scatter/completion_apc_reports_the_whole_transfer
ok 423 - io/scatter/concurrent_async_requests_are_independent
ok 424 - io/scatter/leaves_no_scratch_file
ok 425 - io/iocomp/create_and_query_empty
ok 426 - io/iocomp/count_is_the_queue_maximum
ok 427 - io/iocomp/zero_count_is_one_per_processor
ok 428 - io/iocomp/set_then_remove_round_trips
ok 429 - io/iocomp/remove_from_empty_times_out
ok 430 - io/iocomp/packets_come_back_in_order
ok 431 - io/iocomp/io_setter_takes_the_object
ok 432 - io/iocomp/object_type_tag
ok 433 - io/iocomp/access_mask_is_not_enforced
ok 434 - io/iocomp/named_port_is_shared
ok 435 - io/iocomp/wrong_object_type_is_refused
ok 436 - mm/protect/readonly_then_back
ok 437 - mm/protect/base_and_size_are_rounded
ok 438 - mm/protect/writing_a_readonly_page_faults
ok 439 - mm/protect/uncommitted_and_unreserved_are_refused
ok 440 - mm/protect/noaccess_and_cacheability_apply
ok 441 - mm/protect/reading_a_noaccess_page_faults
ok 442 - ob/query/event_reports_type_and_state
ok 443 - ob/query/event_reports_the_synchronization_type
ok 444 - ob/query/mutant_reports_ownership
ok 445 - ob/query/semaphore_reports_both_counts
ok 446 - ob/query/wrong_object_type_is_refused
ok 447 - ob/query/writes_only_its_structure
ok 448 - ke/apc/the_wait_is_the_delivery_point
ok 449 - ke/apc/one_wait_drains_them_all_in_order
ok 450 - ke/apc/another_thread_receives_it
ok 451 - ke/apc/a_blocked_wait_runs_the_routine_before_returning
ok 452 - ke/apc/only_a_user_alertable_wait_delivers
ok 453 - ke/threadstate/nt_suspend_and_resume_report_the_previous_count
ok 454 - ke/threadstate/a_suspended_thread_makes_no_progress
ok 455 - ke/threadstate/ke_suspend_and_resume_return_the_previous_count
ok 456 - ke/threadstate/suspending_a_terminated_thread_is_refused
ok 457 - ke/threadstate/disable_boost_returns_the_previous_setting
ok 458 - ke/threadstate/alerting_reports_the_previous_state
ok 459 - ke/threadstate/an_alerting_resume_returns_the_suspend_count
ok 460 - ke/threadstate/testing_an_alert_consumes_it
ok 461 - ke/apcinit/console_layout
ok 462 - ke/apcinit/leaves_the_tail_alone
ok 463 - ke/apcinit/null_normal_routine_forces_kernel_mode
ok 464 - ke/apcinit/reinitialise_overwrites
ok 465 - ke/apcqueue/a_kernel_apc_runs_before_the_insert_returns
ok 466 - ke/apcqueue/the_normal_routine_runs_after_the_kernel_one
ok 467 - ke/apcqueue/the_kernel_routine_can_cancel_the_normal_one
ok 468 - ke/apcqueue/a_user_apc_waits_for_an_alertable_wait
ok 469 - ke/apcqueue/a_second_insert_is_refused
ok 470 - ke/apcqueue/it_runs_on_the_target_thread
ok 471 - ke/apcqueue/an_undelivered_apc_is_run_down
ok 472 - io/ioquery/only_three_classes_are_answered
ok 473 - io/ioquery/position_follows_the_file_object
ok 474 - io/ioquery/network_open_information
ok 475 - io/ioquery/internal_information_names_the_file
ok 476 - io/ioquery/the_length_argument_is_ignored
ok 477 - io/volquery/only_four_classes_are_answered
ok 478 - io/volquery/volume_information
ok 479 - io/volquery/size_information
ok 480 - io/volquery/device_information
ok 481 - io/volquery/attribute_information_truncates
ok 482 - io/startio/the_first_packet_starts_the_device
ok 483 - io/startio/by_key_sweeps_forward
# startio irql: caller=0 start=2 next=0 after=0
ok 484 - io/startio/start_packet_raises_and_next_does_not
ok 485 - io/createfile/create_reports_created
ok 486 - io/createfile/open_reports_opened
ok 487 - io/createfile/overwrite_if_reports_overwritten
ok 488 - io/createfile/supersede_reports_overwritten
ok 489 - io/createfile/create_on_existing_collides
ok 490 - io/createfile/checked_bad_disposition_is_refused
ok 491 - io/createfile/checked_bad_share_access_is_refused
ok 492 - io/createfile/checked_delete_on_close_needs_delete
ok 493 - io/createfile/checked_synchronous_needs_synchronize
ok 494 - io/createfile/unchecked_options_skip_the_validation
ok 495 - io/createfile/directory_file_opens_the_volume_root
ok 496 - io/createfile/relative_name_under_root_directory
ok 497 - io/createfile/refusal_leaves_the_status_block_alone
ok 498 - io/createfile/the_disposition_reaches_the_driver
ok 499 - io/threadirp/fresh_packet_is_not_on_a_list
ok 500 - io/threadirp/queue_links_the_packet
ok 501 - io/threadirp/second_queue_goes_in_front
ok 502 - io/threadirp/queue_touches_nothing_else
ok 503 - ob/bypointer/the_object_s_own_type_is_accepted
ok 504 - ob/bypointer/another_type_is_refused
ok 505 - ob/bypointer/the_reference_outlives_the_handle
ok 506 - ob/bypointer/a_pointer_opens_a_handle
ok 507 - ob/bypointer/the_opened_handle_outlives_the_first
ok 508 - ob/bypointer/a_refused_open_returns_no_handle
ok 509 - ke/pulse/the_previous_state_comes_back
ok 510 - ke/pulse/the_event_is_left_clear
ok 511 - ke/pulse/a_synchronization_event_pulses_the_same_way
ok 512 - ke/pulse/a_blocked_waiter_is_released
ok 513 - ke/pulse/a_pulse_with_nobody_waiting_is_lost
ok 514 - ke/boost/the_boost_is_measured_from_the_base_priority
ok 515 - ke/boost/a_boost_below_the_current_priority_does_nothing
ok 516 - ke/boost/a_boost_stops_below_the_real_time_range
ok 517 - ke/boost/a_real_time_thread_is_left_alone
ok 518 - ke/boost/the_boost_disable_flag_does_not_hold_it_back
ok 519 - ob/directory/a_directory_comes_back_as_a_handle
ok 520 - ob/directory/a_name_under_it_resolves_to_one_object
ok 521 - ob/directory/the_same_name_in_two_directories_is_two_objects
ok 522 - ob/directory/a_second_create_of_one_name_collides
ok 523 - ob/directory/the_directory_enumerates_its_entries
ok 524 - ps/notify/a_routine_is_accepted
ok 525 - ps/notify/the_create_side_reports_the_new_thread
ok 526 - ps/notify/the_destroy_side_reports_it_too
ok 527 - ps/notify/the_routine_stays_registered
ok 528 - ps/statistics/the_counts_come_back
ok 529 - ps/statistics/a_wrong_length_is_refused
ok 530 - ps/statistics/running_threads_are_counted
ok 531 - ps/statistics/open_handles_are_counted
ok 532 - ob/create/an_unnamed_object_comes_back_with_its_header
ok 533 - ob/create/the_allocate_procedure_sizes_the_header
ok 534 - ob/create/the_procedures_run_on_the_last_dereference
ok 535 - ob/create/a_named_object_reserves_room_for_its_name
ok 536 - ob/create/a_name_with_no_element_is_refused
ok 537 - ob/create/only_the_last_element_of_the_name_is_kept
ok 538 - ob/create/an_empty_element_inside_the_path_is_refused
ok 539 - ob/create/an_unnamed_insert_hands_back_a_handle
ok 540 - ob/create/the_pointer_bias_outlives_the_handle
ok 541 - ob/create/a_named_object_is_reachable_by_its_name
ok 542 - ob/create/a_second_insert_of_the_name_collides
ok 543 - ob/create/openif_returns_the_object_already_there
ok 544 - ob/create/a_handle_of_another_type_is_refused
ok 545 - ke/dispatcher/it_lowers_to_the_irql_it_was_given
ok 546 - ke/dispatcher/it_leaves_the_irql_alone_when_told_to_stay
ok 547 - ke/dispatcher/a_kernel_apc_queued_under_it_runs_on_the_way_out
ok 548 - ke/dispatcher/an_apc_waits_while_it_stays_at_dispatch
ok 549 - hal/softint/a_cleared_request_holds_an_apc_back
ok 550 - hal/softint/a_request_above_the_current_irql_waits
ok 551 - hal/softint/a_request_with_nothing_queued_is_harmless
ok 552 - xc/privkey/decrypts_the_public_operation
ok 553 - xc/privkey/the_answer_carries_eight_zero_bytes
ok 554 - xc/privkey/the_modulus_and_private_exponent_are_not_read
ok 555 - xc/privkey/a_zero_prime_is_refused
ok 556 - xc/privkey/the_primes_are_not_interchangeable
ok 557 - xc/privkey/only_the_private_magic_is_accepted
ok 558 - xc/privkey/the_value_is_not_range_checked
ok 559 - xc/privkey/the_value_is_one_word_wider
ok 560 - hal/sysint/the_mask_bit_follows_the_call
ok 561 - hal/sysint/the_calls_are_idempotent
ok 562 - hal/sysint/either_mode_opens_the_line
ok 563 - hal/sysint/a_level_past_the_last_line_is_ignored
ok 564 - hal/sysint/the_other_lines_are_untouched
ok 565 - ke/bugcheck/the_record_is_the_arrays_own_address
ok 566 - ke/bugcheck/the_record_is_zero_at_rest
ok 567 - hal/smc/the_byte_written_reads_back
ok 568 - hal/smc/only_the_low_byte_reaches_the_smc
ok 569 - hal/smc/it_is_the_smbus_write
ok 570 - hal/smc/secure_tray_eject_disturbs_nothing
ok 571 - ke/procprio/setting_the_priority_reports_the_old_one
ok 572 - ke/procprio/the_calling_thread_follows_the_process
ok 573 - ke/procprio/setting_the_same_priority_is_a_no_op
not ok 574 - ke/procprio/a_new_thread_starts_at_the_process_priority # TODO only the calling thread follows the process: there is no list of the title's threads to walk
  ---
  at: /work/artifacts/optimization/final-release-v1/work-ez031wxy/source/tests/xbe/api-regression/ke/procprio.c:215
  message: a thread started while the process was at 9 came up at 8
  ...
ok 575 - ke/procprio/the_thread_names_its_process
ok 576 - ke/procprio/the_process_has_the_console_layout
ok 577 - ke/procprio/the_thread_starts_at_the_process_base
not ok 578 - ke/procprio/the_process_lists_its_threads # TODO the process' thread list is published empty: linking into it needs KTHREAD.ThreadListEntry, past the end of the shadow
  ---
  at: /work/artifacts/optimization/final-release-v1/work-ez031wxy/source/tests/xbe/api-regression/ke/procprio.c:63
  message: assertion failed: p->ThreadListHead.Flink != &p->ThreadListHead
  ...
ok 579 - ex/eeprom/the_refurb_record_round_trips
ok 580 - ex/eeprom/a_refurb_length_that_is_not_the_records_is_refused
ok 581 - ex/eeprom/a_saved_setting_reaches_the_part
ok 582 - ex/eeprom/a_short_value_clears_the_rest
ok 583 - ex/eeprom/the_saved_type_is_not_kept
ok 584 - ex/eeprom/only_the_user_section_can_be_written
ok 585 - ex/eeprom/a_value_longer_than_the_setting_is_refused
ok 586 - ex/eeprom/the_user_checksum_follows_the_section
ok 587 - ex/eeprom/the_hd_key_is_the_sealed_one
ok 588 - ex/eeprom/the_time_zone_comes_from_the_user_section
ok 589 - ex/eeprom/the_user_settings_come_from_the_user_section
ok 590 - ex/eeprom/the_network_settings_come_from_the_user_section
ok 591 - ex/eeprom/the_factory_settings_are_where_they_were_written
ok 592 - ex/eeprom/the_game_region_answers
ok 593 - ex/eeprom/a_short_buffer_is_refused_without_a_length
ok 594 - ex/eeprom/an_index_that_is_not_a_setting_is_refused
ok 595 - ex/eeprom/the_sections_are_runs_of_the_part
ok 596 - ex/eeprom/only_the_whole_part_reports_its_length
ok 597 - ex/eeprom/reading_twice_gives_the_same_answer
ok 598 - xbe/titlekeys/the_lan_and_signature_keys_follow_the_certificate
ok 599 - xbe/titlekeys/the_alternate_keys_follow_the_certificate
ok 600 - xbe/titlekeys/the_keys_do_not_move
ok 601 - xbe/sizeddata/the_public_key_has_room_for_a_key
ok 602 - xbe/sizeddata/the_ide_channel_object_has_room_for_a_hook
ok 603 - xbe/sizeddata/the_two_do_not_overlap
ok 604 - xbe/sizeddata/a_titles_hook_offsets_are_inside_the_object
ok 605 - xbe/sizeddata/no_sized_export_overlaps_another
ok 606 - ex/timer/a_notification_timer_stays_signalled
ok 607 - ex/timer/a_synchronization_timer_auto_resets
ok 608 - ex/timer/a_periodic_timer_keeps_firing
ok 609 - ex/timer/a_cancelled_timer_never_fires
ok 610 - ex/timer/query_reports_the_time_remaining
ok 611 - ex/timer/cancel_reports_the_signal_state
ok 612 - ex/timer/rearming_reports_the_previous_signal_state
ok 613 - ex/timer/a_kernel_mode_apc_runs_on_expiry
ok 614 - ex/timer/a_user_mode_apc_runs_on_expiry
ok 615 - kd/flags/debugger_enabled
ok 616 - kd/flags/debugger_not_present
ok 617 - hal/av/get_settings
ok 618 - hal/av/filter_options_accepted
ok 619 - hal/av/set_display_mode
# pressure(ramp): pin at PA 0x00061000
ok 620 - mm/pressure/commit_ramp_under_pin
# pressure(file-io): pin at PA 0x00061000
ok 621 - mm/pressure/ramp_with_file_io
# pressure(first): pin at PA 0x00061000
# pressure(repin): pin at PA 0x00061000
# pressure: repin PA 0x00061000 (first 0x00061000)
ok 622 - mm/pressure/repin_after_release
# pressure: exhaustion after 123 MB -> 0xc0000017
ok 623 - mm/pressure/exhaustion_recovers
ok 624 - io/dismount/a_name_that_resolves_to_nothing
ok 625 - io/dismount/a_device_with_no_volume_still_succeeds
ok 626 - io/dismount/a_mounted_volume_comes_back
ok 627 - io/dismount/an_open_handle_does_not_refuse_it
ok 628 - io/dismount/a_device_object_takes_its_volume_down
ok 629 - io/dismount/a_raw_device_object_still_succeeds
ok 630 - io/dismount/the_owning_driver_answers
ok 631 - xc/align/aligned_input_is_read_only
# misaligned: in=0xf8ecc (mod8=4) intact=1 cipher_ok=1 bytes=00010203
ok 632 - xc/align/misaligned_input
# tests=632 passed=632 failed=0
== api-regression end PASS ==
