== kernel-performance begin ==
TAP version 14
1..42
# PERF-META version=1 clock=KeQueryPerformanceCounter frequency=3374488 samples=3
ok 1 - public-known-answers
# PERF workload=empty sample=0 iterations=1000 ticks=1589 correct=1 checksum=811c9dc5
# PERF workload=empty sample=1 iterations=1000 ticks=653 correct=1 checksum=811c9dc5
# PERF workload=empty sample=2 iterations=1000 ticks=653 correct=1 checksum=811c9dc5
ok 2 - empty
# PERF workload=pin-1 sample=0 iterations=1000 ticks=946536 correct=1 checksum=001f0ae5
# PERF workload=pin-1 sample=1 iterations=1000 ticks=881367 correct=1 checksum=001f0ae5
# PERF workload=pin-1 sample=2 iterations=1000 ticks=802218 correct=1 checksum=001f0ae5
ok 3 - pin-1
# PERF workload=pin-16 sample=0 iterations=500 ticks=434147 correct=1 checksum=64683dd5
# PERF workload=pin-16 sample=1 iterations=500 ticks=398930 correct=1 checksum=64683dd5
# PERF workload=pin-16 sample=2 iterations=500 ticks=365793 correct=1 checksum=64683dd5
ok 4 - pin-16
# PERF workload=pin-64 sample=0 iterations=100 ticks=83960 correct=1 checksum=47064095
# PERF workload=pin-64 sample=1 iterations=100 ticks=135282 correct=1 checksum=47064095
# PERF workload=pin-64 sample=2 iterations=100 ticks=113777 correct=1 checksum=47064095
ok 5 - pin-64
# PERF workload=pin-65 sample=0 iterations=100 ticks=103140 correct=1 checksum=87328095
# PERF workload=pin-65 sample=1 iterations=100 ticks=102817 correct=1 checksum=87328095
# PERF workload=pin-65 sample=2 iterations=100 ticks=97664 correct=1 checksum=87328095
ok 6 - pin-65
# PERF workload=pin-256 sample=0 iterations=32 ticks=48463 correct=1 checksum=3dcae445
# PERF workload=pin-256 sample=1 iterations=32 ticks=48385 correct=1 checksum=3dcae445
# PERF workload=pin-256 sample=2 iterations=32 ticks=51979 correct=1 checksum=3dcae445
ok 7 - pin-256
# PERF workload=pin-4096 sample=0 iterations=4 ticks=52486 correct=1 checksum=8995f515
# PERF workload=pin-4096 sample=1 iterations=4 ticks=51351 correct=1 checksum=8995f515
# PERF workload=pin-4096 sample=2 iterations=4 ticks=57396 correct=1 checksum=8995f515
ok 8 - pin-4096
# PERF workload=pin-reject-0 sample=0 iterations=500 ticks=192077 correct=1 checksum=fa823dd5
# PERF workload=pin-reject-0 sample=1 iterations=500 ticks=224004 correct=1 checksum=fa823dd5
# PERF workload=pin-reject-0 sample=2 iterations=500 ticks=233126 correct=1 checksum=fa823dd5
ok 9 - pin-reject-0
# PERF workload=pin-reject-32 sample=0 iterations=100 ticks=44207 correct=1 checksum=d6d598d5
# PERF workload=pin-reject-32 sample=1 iterations=100 ticks=44632 correct=1 checksum=d6d598d5
# PERF workload=pin-reject-32 sample=2 iterations=100 ticks=42836 correct=1 checksum=d6d598d5
ok 10 - pin-reject-32
# PERF workload=pin-reject-64 sample=0 iterations=100 ticks=51334 correct=1 checksum=05406a95
# PERF workload=pin-reject-64 sample=1 iterations=100 ticks=48110 correct=1 checksum=05406a95
# PERF workload=pin-reject-64 sample=2 iterations=100 ticks=54706 correct=1 checksum=05406a95
ok 11 - pin-reject-64
# PERF workload=pin-reject-65 sample=0 iterations=100 ticks=51302 correct=1 checksum=5e9252d9
# PERF workload=pin-reject-65 sample=1 iterations=100 ticks=48512 correct=1 checksum=5e9252d9
# PERF workload=pin-reject-65 sample=2 iterations=100 ticks=50970 correct=1 checksum=5e9252d9
ok 12 - pin-reject-65
# PERF workload=pool-1 sample=0 iterations=64 ticks=2416 correct=1 checksum=94b82d05
# PERF workload=pool-1 sample=1 iterations=64 ticks=887 correct=1 checksum=94b82d05
# PERF workload=pool-1 sample=2 iterations=64 ticks=935 correct=1 checksum=94b82d05
ok 13 - pool-1
# PERF workload=pool-16 sample=0 iterations=16 ticks=1036 correct=1 checksum=e42fe4b5
# PERF workload=pool-16 sample=1 iterations=16 ticks=936 correct=1 checksum=e42fe4b5
# PERF workload=pool-16 sample=2 iterations=16 ticks=1179 correct=1 checksum=e42fe4b5
ok 14 - pool-16
# PERF workload=pool-256 sample=0 iterations=4 ticks=3832 correct=1 checksum=71edb609
# PERF workload=pool-256 sample=1 iterations=4 ticks=2878 correct=1 checksum=71edb609
# PERF workload=pool-256 sample=2 iterations=4 ticks=3009 correct=1 checksum=71edb609
ok 15 - pool-256
# PERF workload=pool-1024 sample=0 iterations=1 ticks=3379 correct=1 checksum=9c0bb7d4
# PERF workload=pool-1024 sample=1 iterations=1 ticks=2185 correct=1 checksum=9c0bb7d4
# PERF workload=pool-1024 sample=2 iterations=1 ticks=2774 correct=1 checksum=9c0bb7d4
ok 16 - pool-1024
# PERF workload=pool-fragmented-fail-4 sample=0 iterations=16 ticks=13968 correct=1 checksum=312ec415
# PERF workload=pool-fragmented-fail-4 sample=1 iterations=16 ticks=14421 correct=1 checksum=312ec415
# PERF workload=pool-fragmented-fail-4 sample=2 iterations=16 ticks=14371 correct=1 checksum=312ec415
ok 17 - pool-fragmented-fail-4
# PERF workload=sysva-1 sample=0 iterations=32 ticks=4248 correct=1 checksum=d59e4cc5
# PERF workload=sysva-1 sample=1 iterations=32 ticks=2227 correct=1 checksum=d59e4cc5
# PERF workload=sysva-1 sample=2 iterations=32 ticks=1732 correct=1 checksum=d59e4cc5
ok 18 - sysva-1
# PERF workload=sysva-16 sample=0 iterations=8 ticks=2307 correct=1 checksum=c3aaac85
# PERF workload=sysva-16 sample=1 iterations=8 ticks=1962 correct=1 checksum=c3aaac85
# PERF workload=sysva-16 sample=2 iterations=8 ticks=2151 correct=1 checksum=c3aaac85
ok 19 - sysva-16
# PERF workload=sysva-1024 sample=0 iterations=1 ticks=14449 correct=1 checksum=a10bbfb3
# PERF workload=sysva-1024 sample=1 iterations=1 ticks=12276 correct=1 checksum=a10bbfb3
# PERF workload=sysva-1024 sample=2 iterations=1 ticks=12102 correct=1 checksum=a10bbfb3
ok 20 - sysva-1024
# PERF workload=sysva-1025 sample=0 iterations=1 ticks=12228 correct=1 checksum=a10bbfb3
# PERF workload=sysva-1025 sample=1 iterations=1 ticks=12063 correct=1 checksum=a10bbfb3
# PERF workload=sysva-1025 sample=2 iterations=1 ticks=12253 correct=1 checksum=a10bbfb3
ok 21 - sysva-1025
# PERF workload=sysva-4096 sample=0 iterations=1 ticks=49413 correct=1 checksum=a10bbfb3
# PERF workload=sysva-4096 sample=1 iterations=1 ticks=51581 correct=1 checksum=a10bbfb3
# PERF workload=sysva-4096 sample=2 iterations=1 ticks=51556 correct=1 checksum=a10bbfb3
ok 22 - sysva-4096
# PERF workload=object-cold-64 sample=0 iterations=1 ticks=1200 correct=1 checksum=5b4102c5
ok 23 - object-cold-64
# PERF workload=object-warm-1 sample=0 iterations=1000 ticks=7965 correct=1 checksum=bb222565
# PERF workload=object-warm-1 sample=1 iterations=1000 ticks=7254 correct=1 checksum=bb222565
# PERF workload=object-warm-1 sample=2 iterations=1000 ticks=7645 correct=1 checksum=bb222565
ok 24 - object-warm-1
# PERF workload=object-warm-8 sample=0 iterations=128 ticks=6381 correct=1 checksum=1f6f2dc5
# PERF workload=object-warm-8 sample=1 iterations=128 ticks=8135 correct=1 checksum=1f6f2dc5
# PERF workload=object-warm-8 sample=2 iterations=128 ticks=6337 correct=1 checksum=1f6f2dc5
ok 25 - object-warm-8
# PERF workload=object-warm-64 sample=0 iterations=16 ticks=6388 correct=1 checksum=1f6f2dc5
# PERF workload=object-warm-64 sample=1 iterations=16 ticks=5595 correct=1 checksum=1f6f2dc5
# PERF workload=object-warm-64 sample=2 iterations=16 ticks=5921 correct=1 checksum=1f6f2dc5
ok 26 - object-warm-64
# PERF workload=modexp-1-e1-odd sample=0 iterations=64 ticks=10390 correct=1 checksum=f1f76b05
# PERF workload=modexp-1-e1-odd sample=1 iterations=64 ticks=7703 correct=1 checksum=f1f76b05
# PERF workload=modexp-1-e1-odd sample=2 iterations=64 ticks=7593 correct=1 checksum=f1f76b05
ok 27 - modexp-1-e1-odd
# PERF workload=modexp-1-e65537-odd sample=0 iterations=32 ticks=4323 correct=1 checksum=44f81c65
# PERF workload=modexp-1-e65537-odd sample=1 iterations=32 ticks=4193 correct=1 checksum=44f81c65
# PERF workload=modexp-1-e65537-odd sample=2 iterations=32 ticks=4111 correct=1 checksum=44f81c65
ok 28 - modexp-1-e65537-odd
# PERF workload=modexp-2-e3-even sample=0 iterations=8 ticks=2776 correct=1 checksum=66c37b0d
# PERF workload=modexp-2-e3-even sample=1 iterations=8 ticks=1964 correct=1 checksum=66c37b0d
# PERF workload=modexp-2-e3-even sample=2 iterations=8 ticks=1938 correct=1 checksum=66c37b0d
ok 29 - modexp-2-e3-even
# PERF workload=modexp-32-e3-odd sample=0 iterations=2 ticks=13858 correct=1 checksum=cb71ac6d
# PERF workload=modexp-32-e3-odd sample=1 iterations=2 ticks=13851 correct=1 checksum=cb71ac6d
# PERF workload=modexp-32-e3-odd sample=2 iterations=2 ticks=13728 correct=1 checksum=cb71ac6d
ok 30 - modexp-32-e3-odd
# PERF workload=modexp-64-e65537-odd sample=0 iterations=1 ticks=25403 correct=1 checksum=000c5540
# PERF workload=modexp-64-e65537-odd sample=1 iterations=1 ticks=27043 correct=1 checksum=000c5540
# PERF workload=modexp-64-e65537-odd sample=2 iterations=1 ticks=24306 correct=1 checksum=000c5540
ok 31 - modexp-64-e65537-odd
# PERF workload=modexp-512-e1-odd sample=0 iterations=1 ticks=1317637 correct=1 checksum=000c5540
# PERF workload=modexp-512-e1-odd sample=1 iterations=1 ticks=1585450 correct=1 checksum=000c5540
# PERF workload=modexp-512-e1-odd sample=2 iterations=1 ticks=1511869 correct=1 checksum=000c5540
ok 32 - modexp-512-e1-odd
# PERF workload=sha-0 sample=0 iterations=512 ticks=27862 correct=1 checksum=e2534dc5
# PERF workload=sha-0 sample=1 iterations=512 ticks=26676 correct=1 checksum=e2534dc5
# PERF workload=sha-0 sample=2 iterations=512 ticks=26723 correct=1 checksum=e2534dc5
ok 33 - sha-0
# PERF workload=sha-1 sample=0 iterations=512 ticks=27011 correct=1 checksum=c637ddc5
# PERF workload=sha-1 sample=1 iterations=512 ticks=26768 correct=1 checksum=c637ddc5
# PERF workload=sha-1 sample=2 iterations=512 ticks=26747 correct=1 checksum=c637ddc5
ok 34 - sha-1
# PERF workload=sha-63 sample=0 iterations=256 ticks=19510 correct=1 checksum=13e74dc5
# PERF workload=sha-63 sample=1 iterations=256 ticks=18968 correct=1 checksum=13e74dc5
# PERF workload=sha-63 sample=2 iterations=256 ticks=18965 correct=1 checksum=13e74dc5
ok 35 - sha-63
# PERF workload=sha-65 sample=0 iterations=256 ticks=18861 correct=1 checksum=6a9f6dc5
# PERF workload=sha-65 sample=1 iterations=256 ticks=15258 correct=1 checksum=6a9f6dc5
# PERF workload=sha-65 sample=2 iterations=256 ticks=13807 correct=1 checksum=6a9f6dc5
ok 36 - sha-65
# PERF workload=sha-4096 sample=0 iterations=8 ticks=7327 correct=1 checksum=ffbbb025
# PERF workload=sha-4096 sample=1 iterations=8 ticks=7625 correct=1 checksum=ffbbb025
# PERF workload=sha-4096 sample=2 iterations=8 ticks=7862 correct=1 checksum=ffbbb025
ok 37 - sha-4096
# PERF workload=sha-1MiB sample=0 iterations=1 ticks=314100 correct=1 checksum=70d531fa
# PERF workload=sha-1MiB sample=1 iterations=1 ticks=281984 correct=1 checksum=70d531fa
# PERF workload=sha-1MiB sample=2 iterations=1 ticks=279854 correct=1 checksum=70d531fa
ok 38 - sha-1MiB
# PERF workload=des-block sample=0 iterations=128 ticks=35273 correct=1 checksum=1ecc1ac5
# PERF workload=des-block sample=1 iterations=128 ticks=34412 correct=1 checksum=1ecc1ac5
# PERF workload=des-block sample=2 iterations=128 ticks=36575 correct=1 checksum=1ecc1ac5
ok 39 - des-block
# PERF workload=des3-block sample=0 iterations=64 ticks=67307 correct=1 checksum=097b5b45
# PERF workload=des3-block sample=1 iterations=64 ticks=63841 correct=1 checksum=097b5b45
# PERF workload=des3-block sample=2 iterations=64 ticks=60955 correct=1 checksum=097b5b45
ok 40 - des3-block
# PERF workload=des-cbc-4096 sample=0 iterations=2 ticks=368066 correct=1 checksum=5478e751
# PERF workload=des-cbc-4096 sample=1 iterations=2 ticks=299801 correct=1 checksum=5478e751
# PERF workload=des-cbc-4096 sample=2 iterations=2 ticks=267404 correct=1 checksum=5478e751
ok 41 - des-cbc-4096
# PERF workload=des3-cbc-4096 sample=0 iterations=1 ticks=430288 correct=1 checksum=5d7864c7
# PERF workload=des3-cbc-4096 sample=1 iterations=1 ticks=448856 correct=1 checksum=5d7864c7
# PERF workload=des3-cbc-4096 sample=2 iterations=1 ticks=422834 correct=1 checksum=5d7864c7
ok 42 - des3-cbc-4096
# PERF-SUMMARY workloads=41 failures=0
== kernel-performance end PASS ==
