== kernel-performance begin ==
TAP version 14
1..42
# PERF-META version=1 clock=KeQueryPerformanceCounter frequency=3374488 samples=3
ok 1 - public-known-answers
# PERF workload=empty sample=0 iterations=1000 ticks=1134 correct=1 checksum=811c9dc5
# PERF workload=empty sample=1 iterations=1000 ticks=652 correct=1 checksum=811c9dc5
# PERF workload=empty sample=2 iterations=1000 ticks=690 correct=1 checksum=811c9dc5
ok 2 - empty
# PERF workload=pin-1 sample=0 iterations=1000 ticks=6538 correct=1 checksum=001f0ae5
# PERF workload=pin-1 sample=1 iterations=1000 ticks=5269 correct=1 checksum=001f0ae5
# PERF workload=pin-1 sample=2 iterations=1000 ticks=5316 correct=1 checksum=001f0ae5
ok 3 - pin-1
# PERF workload=pin-16 sample=0 iterations=500 ticks=24562 correct=1 checksum=64683dd5
# PERF workload=pin-16 sample=1 iterations=500 ticks=24084 correct=1 checksum=64683dd5
# PERF workload=pin-16 sample=2 iterations=500 ticks=23935 correct=1 checksum=64683dd5
ok 4 - pin-16
# PERF workload=pin-64 sample=0 iterations=100 ticks=18338 correct=1 checksum=47064095
# PERF workload=pin-64 sample=1 iterations=100 ticks=18331 correct=1 checksum=47064095
# PERF workload=pin-64 sample=2 iterations=100 ticks=18945 correct=1 checksum=47064095
ok 5 - pin-64
# PERF workload=pin-65 sample=0 iterations=100 ticks=84510 correct=1 checksum=87328095
# PERF workload=pin-65 sample=1 iterations=100 ticks=82297 correct=1 checksum=87328095
# PERF workload=pin-65 sample=2 iterations=100 ticks=82605 correct=1 checksum=87328095
ok 6 - pin-65
# PERF workload=pin-256 sample=0 iterations=32 ticks=42290 correct=1 checksum=3dcae445
# PERF workload=pin-256 sample=1 iterations=32 ticks=41228 correct=1 checksum=3dcae445
# PERF workload=pin-256 sample=2 iterations=32 ticks=41967 correct=1 checksum=3dcae445
ok 7 - pin-256
# PERF workload=pin-4096 sample=0 iterations=4 ticks=45514 correct=1 checksum=8995f515
# PERF workload=pin-4096 sample=1 iterations=4 ticks=44462 correct=1 checksum=8995f515
# PERF workload=pin-4096 sample=2 iterations=4 ticks=46447 correct=1 checksum=8995f515
ok 8 - pin-4096
# PERF workload=pin-reject-0 sample=0 iterations=500 ticks=1363 correct=1 checksum=fa823dd5
# PERF workload=pin-reject-0 sample=1 iterations=500 ticks=1128 correct=1 checksum=fa823dd5
# PERF workload=pin-reject-0 sample=2 iterations=500 ticks=948 correct=1 checksum=fa823dd5
ok 9 - pin-reject-0
# PERF workload=pin-reject-32 sample=0 iterations=100 ticks=3894 correct=1 checksum=d6d598d5
# PERF workload=pin-reject-32 sample=1 iterations=100 ticks=3675 correct=1 checksum=d6d598d5
# PERF workload=pin-reject-32 sample=2 iterations=100 ticks=3722 correct=1 checksum=d6d598d5
ok 10 - pin-reject-32
# PERF workload=pin-reject-64 sample=0 iterations=100 ticks=7201 correct=1 checksum=05406a95
# PERF workload=pin-reject-64 sample=1 iterations=100 ticks=7268 correct=1 checksum=05406a95
# PERF workload=pin-reject-64 sample=2 iterations=100 ticks=7148 correct=1 checksum=05406a95
ok 11 - pin-reject-64
# PERF workload=pin-reject-65 sample=0 iterations=100 ticks=36105 correct=1 checksum=5e9252d9
# PERF workload=pin-reject-65 sample=1 iterations=100 ticks=36234 correct=1 checksum=5e9252d9
# PERF workload=pin-reject-65 sample=2 iterations=100 ticks=38034 correct=1 checksum=5e9252d9
ok 12 - pin-reject-65
# PERF workload=pool-1 sample=0 iterations=64 ticks=2043 correct=1 checksum=94b82d05
# PERF workload=pool-1 sample=1 iterations=64 ticks=673 correct=1 checksum=94b82d05
# PERF workload=pool-1 sample=2 iterations=64 ticks=640 correct=1 checksum=94b82d05
ok 13 - pool-1
# PERF workload=pool-16 sample=0 iterations=16 ticks=774 correct=1 checksum=e42fe4b5
# PERF workload=pool-16 sample=1 iterations=16 ticks=634 correct=1 checksum=e42fe4b5
# PERF workload=pool-16 sample=2 iterations=16 ticks=780 correct=1 checksum=e42fe4b5
ok 14 - pool-16
# PERF workload=pool-256 sample=0 iterations=4 ticks=2730 correct=1 checksum=71edb609
# PERF workload=pool-256 sample=1 iterations=4 ticks=2082 correct=1 checksum=71edb609
# PERF workload=pool-256 sample=2 iterations=4 ticks=2308 correct=1 checksum=71edb609
ok 15 - pool-256
# PERF workload=pool-1024 sample=0 iterations=1 ticks=2623 correct=1 checksum=9c0bb7d4
# PERF workload=pool-1024 sample=1 iterations=1 ticks=2028 correct=1 checksum=9c0bb7d4
# PERF workload=pool-1024 sample=2 iterations=1 ticks=1906 correct=1 checksum=9c0bb7d4
ok 16 - pool-1024
# PERF workload=pool-fragmented-fail-4 sample=0 iterations=16 ticks=6799 correct=1 checksum=312ec415
# PERF workload=pool-fragmented-fail-4 sample=1 iterations=16 ticks=6451 correct=1 checksum=312ec415
# PERF workload=pool-fragmented-fail-4 sample=2 iterations=16 ticks=6759 correct=1 checksum=312ec415
ok 17 - pool-fragmented-fail-4
# PERF workload=sysva-1 sample=0 iterations=32 ticks=3564 correct=1 checksum=d59e4cc5
# PERF workload=sysva-1 sample=1 iterations=32 ticks=1386 correct=1 checksum=d59e4cc5
# PERF workload=sysva-1 sample=2 iterations=32 ticks=1321 correct=1 checksum=d59e4cc5
ok 18 - sysva-1
# PERF workload=sysva-16 sample=0 iterations=8 ticks=1436 correct=1 checksum=c3aaac85
# PERF workload=sysva-16 sample=1 iterations=8 ticks=1323 correct=1 checksum=c3aaac85
# PERF workload=sysva-16 sample=2 iterations=8 ticks=1368 correct=1 checksum=c3aaac85
ok 19 - sysva-16
# PERF workload=sysva-1024 sample=0 iterations=1 ticks=11437 correct=1 checksum=a10bbfb3
# PERF workload=sysva-1024 sample=1 iterations=1 ticks=9014 correct=1 checksum=a10bbfb3
# PERF workload=sysva-1024 sample=2 iterations=1 ticks=8961 correct=1 checksum=a10bbfb3
ok 20 - sysva-1024
# PERF workload=sysva-1025 sample=0 iterations=1 ticks=8859 correct=1 checksum=a10bbfb3
# PERF workload=sysva-1025 sample=1 iterations=1 ticks=9141 correct=1 checksum=a10bbfb3
# PERF workload=sysva-1025 sample=2 iterations=1 ticks=9434 correct=1 checksum=a10bbfb3
ok 21 - sysva-1025
# PERF workload=sysva-4096 sample=0 iterations=1 ticks=37516 correct=1 checksum=a10bbfb3
# PERF workload=sysva-4096 sample=1 iterations=1 ticks=36367 correct=1 checksum=a10bbfb3
# PERF workload=sysva-4096 sample=2 iterations=1 ticks=43636 correct=1 checksum=a10bbfb3
ok 22 - sysva-4096
# PERF workload=object-cold-64 sample=0 iterations=1 ticks=890 correct=1 checksum=5b4102c5
ok 23 - object-cold-64
# PERF workload=object-warm-1 sample=0 iterations=1000 ticks=4653 correct=1 checksum=bb222565
# PERF workload=object-warm-1 sample=1 iterations=1000 ticks=4936 correct=1 checksum=bb222565
# PERF workload=object-warm-1 sample=2 iterations=1000 ticks=4557 correct=1 checksum=bb222565
ok 24 - object-warm-1
# PERF workload=object-warm-8 sample=0 iterations=128 ticks=3684 correct=1 checksum=1f6f2dc5
# PERF workload=object-warm-8 sample=1 iterations=128 ticks=3716 correct=1 checksum=1f6f2dc5
# PERF workload=object-warm-8 sample=2 iterations=128 ticks=4186 correct=1 checksum=1f6f2dc5
ok 25 - object-warm-8
# PERF workload=object-warm-64 sample=0 iterations=16 ticks=4502 correct=1 checksum=1f6f2dc5
# PERF workload=object-warm-64 sample=1 iterations=16 ticks=4679 correct=1 checksum=1f6f2dc5
# PERF workload=object-warm-64 sample=2 iterations=16 ticks=4837 correct=1 checksum=1f6f2dc5
ok 26 - object-warm-64
# PERF workload=modexp-1-e1-odd sample=0 iterations=64 ticks=10731 correct=1 checksum=f1f76b05
# PERF workload=modexp-1-e1-odd sample=1 iterations=64 ticks=7742 correct=1 checksum=f1f76b05
# PERF workload=modexp-1-e1-odd sample=2 iterations=64 ticks=7939 correct=1 checksum=f1f76b05
ok 27 - modexp-1-e1-odd
# PERF workload=modexp-1-e65537-odd sample=0 iterations=32 ticks=4487 correct=1 checksum=44f81c65
# PERF workload=modexp-1-e65537-odd sample=1 iterations=32 ticks=4255 correct=1 checksum=44f81c65
# PERF workload=modexp-1-e65537-odd sample=2 iterations=32 ticks=4190 correct=1 checksum=44f81c65
ok 28 - modexp-1-e65537-odd
# PERF workload=modexp-2-e3-even sample=0 iterations=8 ticks=2457 correct=1 checksum=66c37b0d
# PERF workload=modexp-2-e3-even sample=1 iterations=8 ticks=1704 correct=1 checksum=66c37b0d
# PERF workload=modexp-2-e3-even sample=2 iterations=8 ticks=1715 correct=1 checksum=66c37b0d
ok 29 - modexp-2-e3-even
# PERF workload=modexp-32-e3-odd sample=0 iterations=2 ticks=13061 correct=1 checksum=cb71ac6d
# PERF workload=modexp-32-e3-odd sample=1 iterations=2 ticks=10845 correct=1 checksum=cb71ac6d
# PERF workload=modexp-32-e3-odd sample=2 iterations=2 ticks=10223 correct=1 checksum=cb71ac6d
ok 30 - modexp-32-e3-odd
# PERF workload=modexp-64-e65537-odd sample=0 iterations=1 ticks=24087 correct=1 checksum=000c5540
# PERF workload=modexp-64-e65537-odd sample=1 iterations=1 ticks=26517 correct=1 checksum=000c5540
# PERF workload=modexp-64-e65537-odd sample=2 iterations=1 ticks=24586 correct=1 checksum=000c5540
ok 31 - modexp-64-e65537-odd
# PERF workload=modexp-512-e1-odd sample=0 iterations=1 ticks=1074432 correct=1 checksum=000c5540
# PERF workload=modexp-512-e1-odd sample=1 iterations=1 ticks=1113019 correct=1 checksum=000c5540
# PERF workload=modexp-512-e1-odd sample=2 iterations=1 ticks=1197412 correct=1 checksum=000c5540
ok 32 - modexp-512-e1-odd
# PERF workload=sha-0 sample=0 iterations=512 ticks=26228 correct=1 checksum=e2534dc5
# PERF workload=sha-0 sample=1 iterations=512 ticks=24308 correct=1 checksum=e2534dc5
# PERF workload=sha-0 sample=2 iterations=512 ticks=26160 correct=1 checksum=e2534dc5
ok 33 - sha-0
# PERF workload=sha-1 sample=0 iterations=512 ticks=24733 correct=1 checksum=c637ddc5
# PERF workload=sha-1 sample=1 iterations=512 ticks=24442 correct=1 checksum=c637ddc5
# PERF workload=sha-1 sample=2 iterations=512 ticks=24715 correct=1 checksum=c637ddc5
ok 34 - sha-1
# PERF workload=sha-63 sample=0 iterations=256 ticks=18004 correct=1 checksum=13e74dc5
# PERF workload=sha-63 sample=1 iterations=256 ticks=17345 correct=1 checksum=13e74dc5
# PERF workload=sha-63 sample=2 iterations=256 ticks=17214 correct=1 checksum=13e74dc5
ok 35 - sha-63
# PERF workload=sha-65 sample=0 iterations=256 ticks=17191 correct=1 checksum=6a9f6dc5
# PERF workload=sha-65 sample=1 iterations=256 ticks=17699 correct=1 checksum=6a9f6dc5
# PERF workload=sha-65 sample=2 iterations=256 ticks=17566 correct=1 checksum=6a9f6dc5
ok 36 - sha-65
# PERF workload=sha-4096 sample=0 iterations=8 ticks=9370 correct=1 checksum=ffbbb025
# PERF workload=sha-4096 sample=1 iterations=8 ticks=10495 correct=1 checksum=ffbbb025
# PERF workload=sha-4096 sample=2 iterations=8 ticks=10872 correct=1 checksum=ffbbb025
ok 37 - sha-4096
# PERF workload=sha-1MiB sample=0 iterations=1 ticks=308555 correct=1 checksum=70d531fa
# PERF workload=sha-1MiB sample=1 iterations=1 ticks=304919 correct=1 checksum=70d531fa
# PERF workload=sha-1MiB sample=2 iterations=1 ticks=359989 correct=1 checksum=70d531fa
ok 38 - sha-1MiB
# PERF workload=des-block sample=0 iterations=128 ticks=41395 correct=1 checksum=1ecc1ac5
# PERF workload=des-block sample=1 iterations=128 ticks=40708 correct=1 checksum=1ecc1ac5
# PERF workload=des-block sample=2 iterations=128 ticks=41895 correct=1 checksum=1ecc1ac5
ok 39 - des-block
# PERF workload=des3-block sample=0 iterations=64 ticks=55047 correct=1 checksum=097b5b45
# PERF workload=des3-block sample=1 iterations=64 ticks=47015 correct=1 checksum=097b5b45
# PERF workload=des3-block sample=2 iterations=64 ticks=60309 correct=1 checksum=097b5b45
ok 40 - des3-block
# PERF workload=des-cbc-4096 sample=0 iterations=2 ticks=284058 correct=1 checksum=5478e751
# PERF workload=des-cbc-4096 sample=1 iterations=2 ticks=248260 correct=1 checksum=5478e751
# PERF workload=des-cbc-4096 sample=2 iterations=2 ticks=244625 correct=1 checksum=5478e751
ok 41 - des-cbc-4096
# PERF workload=des3-cbc-4096 sample=0 iterations=1 ticks=376410 correct=1 checksum=5d7864c7
# PERF workload=des3-cbc-4096 sample=1 iterations=1 ticks=380047 correct=1 checksum=5d7864c7
# PERF workload=des3-cbc-4096 sample=2 iterations=1 ticks=367132 correct=1 checksum=5d7864c7
ok 42 - des3-cbc-4096
# PERF-SUMMARY workloads=41 failures=0
== kernel-performance end PASS ==
