== kernel-performance begin ==
TAP version 14
1..42
# PERF-META version=1 clock=KeQueryPerformanceCounter frequency=3374488 samples=3
ok 1 - public-known-answers
# PERF workload=empty sample=0 iterations=1000 ticks=1296 correct=1 checksum=811c9dc5
# PERF workload=empty sample=1 iterations=1000 ticks=881 correct=1 checksum=811c9dc5
# PERF workload=empty sample=2 iterations=1000 ticks=814 correct=1 checksum=811c9dc5
ok 2 - empty
# PERF workload=pin-1 sample=0 iterations=1000 ticks=848350 correct=1 checksum=001f0ae5
# PERF workload=pin-1 sample=1 iterations=1000 ticks=804862 correct=1 checksum=001f0ae5
# PERF workload=pin-1 sample=2 iterations=1000 ticks=841872 correct=1 checksum=001f0ae5
ok 3 - pin-1
# PERF workload=pin-16 sample=0 iterations=500 ticks=393137 correct=1 checksum=64683dd5
# PERF workload=pin-16 sample=1 iterations=500 ticks=379406 correct=1 checksum=64683dd5
# PERF workload=pin-16 sample=2 iterations=500 ticks=450030 correct=1 checksum=64683dd5
ok 4 - pin-16
# PERF workload=pin-64 sample=0 iterations=100 ticks=110706 correct=1 checksum=47064095
# PERF workload=pin-64 sample=1 iterations=100 ticks=113359 correct=1 checksum=47064095
# PERF workload=pin-64 sample=2 iterations=100 ticks=102663 correct=1 checksum=47064095
ok 5 - pin-64
# PERF workload=pin-65 sample=0 iterations=100 ticks=115968 correct=1 checksum=87328095
# PERF workload=pin-65 sample=1 iterations=100 ticks=107911 correct=1 checksum=87328095
# PERF workload=pin-65 sample=2 iterations=100 ticks=132672 correct=1 checksum=87328095
ok 6 - pin-65
# PERF workload=pin-256 sample=0 iterations=32 ticks=51409 correct=1 checksum=3dcae445
# PERF workload=pin-256 sample=1 iterations=32 ticks=44777 correct=1 checksum=3dcae445
# PERF workload=pin-256 sample=2 iterations=32 ticks=44495 correct=1 checksum=3dcae445
ok 7 - pin-256
# PERF workload=pin-4096 sample=0 iterations=4 ticks=46893 correct=1 checksum=8995f515
# PERF workload=pin-4096 sample=1 iterations=4 ticks=49894 correct=1 checksum=8995f515
# PERF workload=pin-4096 sample=2 iterations=4 ticks=45361 correct=1 checksum=8995f515
ok 8 - pin-4096
# PERF workload=pin-reject-0 sample=0 iterations=500 ticks=176862 correct=1 checksum=fa823dd5
# PERF workload=pin-reject-0 sample=1 iterations=500 ticks=170370 correct=1 checksum=fa823dd5
# PERF workload=pin-reject-0 sample=2 iterations=500 ticks=183097 correct=1 checksum=fa823dd5
ok 9 - pin-reject-0
# PERF workload=pin-reject-32 sample=0 iterations=100 ticks=39363 correct=1 checksum=d6d598d5
# PERF workload=pin-reject-32 sample=1 iterations=100 ticks=42394 correct=1 checksum=d6d598d5
# PERF workload=pin-reject-32 sample=2 iterations=100 ticks=38779 correct=1 checksum=d6d598d5
ok 10 - pin-reject-32
# PERF workload=pin-reject-64 sample=0 iterations=100 ticks=48645 correct=1 checksum=05406a95
# PERF workload=pin-reject-64 sample=1 iterations=100 ticks=44890 correct=1 checksum=05406a95
# PERF workload=pin-reject-64 sample=2 iterations=100 ticks=52374 correct=1 checksum=05406a95
ok 11 - pin-reject-64
# PERF workload=pin-reject-65 sample=0 iterations=100 ticks=55370 correct=1 checksum=5e9252d9
# PERF workload=pin-reject-65 sample=1 iterations=100 ticks=40683 correct=1 checksum=5e9252d9
# PERF workload=pin-reject-65 sample=2 iterations=100 ticks=48845 correct=1 checksum=5e9252d9
ok 12 - pin-reject-65
# PERF workload=pool-1 sample=0 iterations=64 ticks=2532 correct=1 checksum=94b82d05
# PERF workload=pool-1 sample=1 iterations=64 ticks=904 correct=1 checksum=94b82d05
# PERF workload=pool-1 sample=2 iterations=64 ticks=1104 correct=1 checksum=94b82d05
ok 13 - pool-1
# PERF workload=pool-16 sample=0 iterations=16 ticks=1172 correct=1 checksum=e42fe4b5
# PERF workload=pool-16 sample=1 iterations=16 ticks=1001 correct=1 checksum=e42fe4b5
# PERF workload=pool-16 sample=2 iterations=16 ticks=1140 correct=1 checksum=e42fe4b5
ok 14 - pool-16
# PERF workload=pool-256 sample=0 iterations=4 ticks=5888 correct=1 checksum=71edb609
# PERF workload=pool-256 sample=1 iterations=4 ticks=2627 correct=1 checksum=71edb609
# PERF workload=pool-256 sample=2 iterations=4 ticks=3271 correct=1 checksum=71edb609
ok 15 - pool-256
# PERF workload=pool-1024 sample=0 iterations=1 ticks=3666 correct=1 checksum=9c0bb7d4
# PERF workload=pool-1024 sample=1 iterations=1 ticks=3760 correct=1 checksum=9c0bb7d4
# PERF workload=pool-1024 sample=2 iterations=1 ticks=3262 correct=1 checksum=9c0bb7d4
ok 16 - pool-1024
# PERF workload=pool-fragmented-fail-4 sample=0 iterations=16 ticks=15045 correct=1 checksum=312ec415
# PERF workload=pool-fragmented-fail-4 sample=1 iterations=16 ticks=17540 correct=1 checksum=312ec415
# PERF workload=pool-fragmented-fail-4 sample=2 iterations=16 ticks=14198 correct=1 checksum=312ec415
ok 17 - pool-fragmented-fail-4
# PERF workload=sysva-1 sample=0 iterations=32 ticks=5026 correct=1 checksum=d59e4cc5
# PERF workload=sysva-1 sample=1 iterations=32 ticks=2248 correct=1 checksum=d59e4cc5
# PERF workload=sysva-1 sample=2 iterations=32 ticks=2260 correct=1 checksum=d59e4cc5
ok 18 - sysva-1
# PERF workload=sysva-16 sample=0 iterations=8 ticks=2405 correct=1 checksum=c3aaac85
# PERF workload=sysva-16 sample=1 iterations=8 ticks=1755 correct=1 checksum=c3aaac85
# PERF workload=sysva-16 sample=2 iterations=8 ticks=1705 correct=1 checksum=c3aaac85
ok 19 - sysva-16
# PERF workload=sysva-1024 sample=0 iterations=1 ticks=13532 correct=1 checksum=a10bbfb3
# PERF workload=sysva-1024 sample=1 iterations=1 ticks=9997 correct=1 checksum=a10bbfb3
# PERF workload=sysva-1024 sample=2 iterations=1 ticks=11249 correct=1 checksum=a10bbfb3
ok 20 - sysva-1024
# PERF workload=sysva-1025 sample=0 iterations=1 ticks=13773 correct=1 checksum=a10bbfb3
# PERF workload=sysva-1025 sample=1 iterations=1 ticks=10186 correct=1 checksum=a10bbfb3
# PERF workload=sysva-1025 sample=2 iterations=1 ticks=12359 correct=1 checksum=a10bbfb3
ok 21 - sysva-1025
# PERF workload=sysva-4096 sample=0 iterations=1 ticks=43387 correct=1 checksum=a10bbfb3
# PERF workload=sysva-4096 sample=1 iterations=1 ticks=59520 correct=1 checksum=a10bbfb3
# PERF workload=sysva-4096 sample=2 iterations=1 ticks=45064 correct=1 checksum=a10bbfb3
ok 22 - sysva-4096
# PERF workload=object-cold-64 sample=0 iterations=1 ticks=1313 correct=1 checksum=5b4102c5
ok 23 - object-cold-64
# PERF workload=object-warm-1 sample=0 iterations=1000 ticks=6139 correct=1 checksum=bb222565
# PERF workload=object-warm-1 sample=1 iterations=1000 ticks=6044 correct=1 checksum=bb222565
# PERF workload=object-warm-1 sample=2 iterations=1000 ticks=5904 correct=1 checksum=bb222565
ok 24 - object-warm-1
# PERF workload=object-warm-8 sample=0 iterations=128 ticks=4710 correct=1 checksum=1f6f2dc5
# PERF workload=object-warm-8 sample=1 iterations=128 ticks=5236 correct=1 checksum=1f6f2dc5
# PERF workload=object-warm-8 sample=2 iterations=128 ticks=6427 correct=1 checksum=1f6f2dc5
ok 25 - object-warm-8
# PERF workload=object-warm-64 sample=0 iterations=16 ticks=7291 correct=1 checksum=1f6f2dc5
# PERF workload=object-warm-64 sample=1 iterations=16 ticks=5786 correct=1 checksum=1f6f2dc5
# PERF workload=object-warm-64 sample=2 iterations=16 ticks=5954 correct=1 checksum=1f6f2dc5
ok 26 - object-warm-64
# PERF workload=modexp-1-e1-odd sample=0 iterations=64 ticks=10723 correct=1 checksum=f1f76b05
# PERF workload=modexp-1-e1-odd sample=1 iterations=64 ticks=9099 correct=1 checksum=f1f76b05
# PERF workload=modexp-1-e1-odd sample=2 iterations=64 ticks=8425 correct=1 checksum=f1f76b05
ok 27 - modexp-1-e1-odd
# PERF workload=modexp-1-e65537-odd sample=0 iterations=32 ticks=5027 correct=1 checksum=44f81c65
# PERF workload=modexp-1-e65537-odd sample=1 iterations=32 ticks=4681 correct=1 checksum=44f81c65
# PERF workload=modexp-1-e65537-odd sample=2 iterations=32 ticks=5299 correct=1 checksum=44f81c65
ok 28 - modexp-1-e65537-odd
# PERF workload=modexp-2-e3-even sample=0 iterations=8 ticks=2879 correct=1 checksum=66c37b0d
# PERF workload=modexp-2-e3-even sample=1 iterations=8 ticks=2021 correct=1 checksum=66c37b0d
# PERF workload=modexp-2-e3-even sample=2 iterations=8 ticks=3373 correct=1 checksum=66c37b0d
ok 29 - modexp-2-e3-even
# PERF workload=modexp-32-e3-odd sample=0 iterations=2 ticks=14939 correct=1 checksum=cb71ac6d
# PERF workload=modexp-32-e3-odd sample=1 iterations=2 ticks=16649 correct=1 checksum=cb71ac6d
# PERF workload=modexp-32-e3-odd sample=2 iterations=2 ticks=18550 correct=1 checksum=cb71ac6d
ok 30 - modexp-32-e3-odd
# PERF workload=modexp-64-e65537-odd sample=0 iterations=1 ticks=39617 correct=1 checksum=000c5540
# PERF workload=modexp-64-e65537-odd sample=1 iterations=1 ticks=32682 correct=1 checksum=000c5540
# PERF workload=modexp-64-e65537-odd sample=2 iterations=1 ticks=37725 correct=1 checksum=000c5540
ok 31 - modexp-64-e65537-odd
# PERF workload=modexp-512-e1-odd sample=0 iterations=1 ticks=1365157 correct=1 checksum=000c5540
# PERF workload=modexp-512-e1-odd sample=1 iterations=1 ticks=1573322 correct=1 checksum=000c5540
# PERF workload=modexp-512-e1-odd sample=2 iterations=1 ticks=1669979 correct=1 checksum=000c5540
ok 32 - modexp-512-e1-odd
# PERF workload=sha-0 sample=0 iterations=512 ticks=28413 correct=1 checksum=e2534dc5
# PERF workload=sha-0 sample=1 iterations=512 ticks=27226 correct=1 checksum=e2534dc5
# PERF workload=sha-0 sample=2 iterations=512 ticks=26851 correct=1 checksum=e2534dc5
ok 33 - sha-0
# PERF workload=sha-1 sample=0 iterations=512 ticks=26931 correct=1 checksum=c637ddc5
# PERF workload=sha-1 sample=1 iterations=512 ticks=27164 correct=1 checksum=c637ddc5
# PERF workload=sha-1 sample=2 iterations=512 ticks=26334 correct=1 checksum=c637ddc5
ok 34 - sha-1
# PERF workload=sha-63 sample=0 iterations=256 ticks=14751 correct=1 checksum=13e74dc5
# PERF workload=sha-63 sample=1 iterations=256 ticks=14093 correct=1 checksum=13e74dc5
# PERF workload=sha-63 sample=2 iterations=256 ticks=13320 correct=1 checksum=13e74dc5
ok 35 - sha-63
# PERF workload=sha-65 sample=0 iterations=256 ticks=14775 correct=1 checksum=6a9f6dc5
# PERF workload=sha-65 sample=1 iterations=256 ticks=15575 correct=1 checksum=6a9f6dc5
# PERF workload=sha-65 sample=2 iterations=256 ticks=19074 correct=1 checksum=6a9f6dc5
ok 36 - sha-65
# PERF workload=sha-4096 sample=0 iterations=8 ticks=11285 correct=1 checksum=ffbbb025
# PERF workload=sha-4096 sample=1 iterations=8 ticks=11350 correct=1 checksum=ffbbb025
# PERF workload=sha-4096 sample=2 iterations=8 ticks=10842 correct=1 checksum=ffbbb025
ok 37 - sha-4096
# PERF workload=sha-1MiB sample=0 iterations=1 ticks=250138 correct=1 checksum=70d531fa
# PERF workload=sha-1MiB sample=1 iterations=1 ticks=225858 correct=1 checksum=70d531fa
# PERF workload=sha-1MiB sample=2 iterations=1 ticks=225369 correct=1 checksum=70d531fa
ok 38 - sha-1MiB
# PERF workload=des-block sample=0 iterations=128 ticks=33347 correct=1 checksum=1ecc1ac5
# PERF workload=des-block sample=1 iterations=128 ticks=33668 correct=1 checksum=1ecc1ac5
# PERF workload=des-block sample=2 iterations=128 ticks=35316 correct=1 checksum=1ecc1ac5
ok 39 - des-block
# PERF workload=des3-block sample=0 iterations=64 ticks=59064 correct=1 checksum=097b5b45
# PERF workload=des3-block sample=1 iterations=64 ticks=61295 correct=1 checksum=097b5b45
# PERF workload=des3-block sample=2 iterations=64 ticks=64574 correct=1 checksum=097b5b45
ok 40 - des3-block
# PERF workload=des-cbc-4096 sample=0 iterations=2 ticks=280644 correct=1 checksum=5478e751
# PERF workload=des-cbc-4096 sample=1 iterations=2 ticks=303964 correct=1 checksum=5478e751
# PERF workload=des-cbc-4096 sample=2 iterations=2 ticks=311168 correct=1 checksum=5478e751
ok 41 - des-cbc-4096
# PERF workload=des3-cbc-4096 sample=0 iterations=1 ticks=493719 correct=1 checksum=5d7864c7
# PERF workload=des3-cbc-4096 sample=1 iterations=1 ticks=459852 correct=1 checksum=5d7864c7
# PERF workload=des3-cbc-4096 sample=2 iterations=1 ticks=439714 correct=1 checksum=5d7864c7
ok 42 - des3-cbc-4096
# PERF-SUMMARY workloads=41 failures=0
== kernel-performance end PASS ==
