== kernel-performance begin ==
TAP version 14
1..42
# PERF-META version=1 clock=KeQueryPerformanceCounter frequency=3374488 samples=3
ok 1 - public-known-answers
# PERF workload=empty sample=0 iterations=1000 ticks=1556 correct=1 checksum=811c9dc5
# PERF workload=empty sample=1 iterations=1000 ticks=854 correct=1 checksum=811c9dc5
# PERF workload=empty sample=2 iterations=1000 ticks=803 correct=1 checksum=811c9dc5
ok 2 - empty
# PERF workload=pin-1 sample=0 iterations=1000 ticks=833830 correct=1 checksum=001f0ae5
# PERF workload=pin-1 sample=1 iterations=1000 ticks=796511 correct=1 checksum=001f0ae5
# PERF workload=pin-1 sample=2 iterations=1000 ticks=921252 correct=1 checksum=001f0ae5
ok 3 - pin-1
# PERF workload=pin-16 sample=0 iterations=500 ticks=416294 correct=1 checksum=64683dd5
# PERF workload=pin-16 sample=1 iterations=500 ticks=472546 correct=1 checksum=64683dd5
# PERF workload=pin-16 sample=2 iterations=500 ticks=438245 correct=1 checksum=64683dd5
ok 4 - pin-16
# PERF workload=pin-64 sample=0 iterations=100 ticks=102445 correct=1 checksum=47064095
# PERF workload=pin-64 sample=1 iterations=100 ticks=97245 correct=1 checksum=47064095
# PERF workload=pin-64 sample=2 iterations=100 ticks=101356 correct=1 checksum=47064095
ok 5 - pin-64
# PERF workload=pin-65 sample=0 iterations=100 ticks=99723 correct=1 checksum=87328095
# PERF workload=pin-65 sample=1 iterations=100 ticks=98938 correct=1 checksum=87328095
# PERF workload=pin-65 sample=2 iterations=100 ticks=108891 correct=1 checksum=87328095
ok 6 - pin-65
# PERF workload=pin-256 sample=0 iterations=32 ticks=59063 correct=1 checksum=3dcae445
# PERF workload=pin-256 sample=1 iterations=32 ticks=52232 correct=1 checksum=3dcae445
# PERF workload=pin-256 sample=2 iterations=32 ticks=53401 correct=1 checksum=3dcae445
ok 7 - pin-256
# PERF workload=pin-4096 sample=0 iterations=4 ticks=50139 correct=1 checksum=8995f515
# PERF workload=pin-4096 sample=1 iterations=4 ticks=45889 correct=1 checksum=8995f515
# PERF workload=pin-4096 sample=2 iterations=4 ticks=45030 correct=1 checksum=8995f515
ok 8 - pin-4096
# PERF workload=pin-reject-0 sample=0 iterations=500 ticks=195222 correct=1 checksum=fa823dd5
# PERF workload=pin-reject-0 sample=1 iterations=500 ticks=209908 correct=1 checksum=fa823dd5
# PERF workload=pin-reject-0 sample=2 iterations=500 ticks=236284 correct=1 checksum=fa823dd5
ok 9 - pin-reject-0
# PERF workload=pin-reject-32 sample=0 iterations=100 ticks=47800 correct=1 checksum=d6d598d5
# PERF workload=pin-reject-32 sample=1 iterations=100 ticks=43591 correct=1 checksum=d6d598d5
# PERF workload=pin-reject-32 sample=2 iterations=100 ticks=36260 correct=1 checksum=d6d598d5
ok 10 - pin-reject-32
# PERF workload=pin-reject-64 sample=0 iterations=100 ticks=37895 correct=1 checksum=05406a95
# PERF workload=pin-reject-64 sample=1 iterations=100 ticks=50619 correct=1 checksum=05406a95
# PERF workload=pin-reject-64 sample=2 iterations=100 ticks=57119 correct=1 checksum=05406a95
ok 11 - pin-reject-64
# PERF workload=pin-reject-65 sample=0 iterations=100 ticks=43567 correct=1 checksum=5e9252d9
# PERF workload=pin-reject-65 sample=1 iterations=100 ticks=47836 correct=1 checksum=5e9252d9
# PERF workload=pin-reject-65 sample=2 iterations=100 ticks=44606 correct=1 checksum=5e9252d9
ok 12 - pin-reject-65
# PERF workload=pool-1 sample=0 iterations=64 ticks=2101 correct=1 checksum=94b82d05
# PERF workload=pool-1 sample=1 iterations=64 ticks=668 correct=1 checksum=94b82d05
# PERF workload=pool-1 sample=2 iterations=64 ticks=802 correct=1 checksum=94b82d05
ok 13 - pool-1
# PERF workload=pool-16 sample=0 iterations=16 ticks=786 correct=1 checksum=e42fe4b5
# PERF workload=pool-16 sample=1 iterations=16 ticks=677 correct=1 checksum=e42fe4b5
# PERF workload=pool-16 sample=2 iterations=16 ticks=1407 correct=1 checksum=e42fe4b5
ok 14 - pool-16
# PERF workload=pool-256 sample=0 iterations=4 ticks=4183 correct=1 checksum=71edb609
# PERF workload=pool-256 sample=1 iterations=4 ticks=8449 correct=1 checksum=71edb609
# PERF workload=pool-256 sample=2 iterations=4 ticks=2466 correct=1 checksum=71edb609
ok 15 - pool-256
# PERF workload=pool-1024 sample=0 iterations=1 ticks=3295 correct=1 checksum=9c0bb7d4
# PERF workload=pool-1024 sample=1 iterations=1 ticks=2517 correct=1 checksum=9c0bb7d4
# PERF workload=pool-1024 sample=2 iterations=1 ticks=2385 correct=1 checksum=9c0bb7d4
ok 16 - pool-1024
# PERF workload=pool-fragmented-fail-4 sample=0 iterations=16 ticks=14515 correct=1 checksum=312ec415
# PERF workload=pool-fragmented-fail-4 sample=1 iterations=16 ticks=13223 correct=1 checksum=312ec415
# PERF workload=pool-fragmented-fail-4 sample=2 iterations=16 ticks=16501 correct=1 checksum=312ec415
ok 17 - pool-fragmented-fail-4
# PERF workload=sysva-1 sample=0 iterations=32 ticks=9946 correct=1 checksum=d59e4cc5
# PERF workload=sysva-1 sample=1 iterations=32 ticks=2385 correct=1 checksum=d59e4cc5
# PERF workload=sysva-1 sample=2 iterations=32 ticks=2477 correct=1 checksum=d59e4cc5
ok 18 - sysva-1
# PERF workload=sysva-16 sample=0 iterations=8 ticks=2296 correct=1 checksum=c3aaac85
# PERF workload=sysva-16 sample=1 iterations=8 ticks=2457 correct=1 checksum=c3aaac85
# PERF workload=sysva-16 sample=2 iterations=8 ticks=2061 correct=1 checksum=c3aaac85
ok 19 - sysva-16
# PERF workload=sysva-1024 sample=0 iterations=1 ticks=22085 correct=1 checksum=a10bbfb3
# PERF workload=sysva-1024 sample=1 iterations=1 ticks=14867 correct=1 checksum=a10bbfb3
# PERF workload=sysva-1024 sample=2 iterations=1 ticks=15135 correct=1 checksum=a10bbfb3
ok 20 - sysva-1024
# PERF workload=sysva-1025 sample=0 iterations=1 ticks=14357 correct=1 checksum=a10bbfb3
# PERF workload=sysva-1025 sample=1 iterations=1 ticks=15488 correct=1 checksum=a10bbfb3
# PERF workload=sysva-1025 sample=2 iterations=1 ticks=15536 correct=1 checksum=a10bbfb3
ok 21 - sysva-1025
# PERF workload=sysva-4096 sample=0 iterations=1 ticks=66909 correct=1 checksum=a10bbfb3
# PERF workload=sysva-4096 sample=1 iterations=1 ticks=66201 correct=1 checksum=a10bbfb3
# PERF workload=sysva-4096 sample=2 iterations=1 ticks=62757 correct=1 checksum=a10bbfb3
ok 22 - sysva-4096
# PERF workload=object-cold-64 sample=0 iterations=1 ticks=1313 correct=1 checksum=5b4102c5
ok 23 - object-cold-64
# PERF workload=object-warm-1 sample=0 iterations=1000 ticks=8677 correct=1 checksum=bb222565
# PERF workload=object-warm-1 sample=1 iterations=1000 ticks=9178 correct=1 checksum=bb222565
# PERF workload=object-warm-1 sample=2 iterations=1000 ticks=8924 correct=1 checksum=bb222565
ok 24 - object-warm-1
# PERF workload=object-warm-8 sample=0 iterations=128 ticks=7140 correct=1 checksum=1f6f2dc5
# PERF workload=object-warm-8 sample=1 iterations=128 ticks=7334 correct=1 checksum=1f6f2dc5
# PERF workload=object-warm-8 sample=2 iterations=128 ticks=6417 correct=1 checksum=1f6f2dc5
ok 25 - object-warm-8
# PERF workload=object-warm-64 sample=0 iterations=16 ticks=7409 correct=1 checksum=1f6f2dc5
# PERF workload=object-warm-64 sample=1 iterations=16 ticks=6861 correct=1 checksum=1f6f2dc5
# PERF workload=object-warm-64 sample=2 iterations=16 ticks=7391 correct=1 checksum=1f6f2dc5
ok 26 - object-warm-64
# PERF workload=modexp-1-e1-odd sample=0 iterations=64 ticks=12440 correct=1 checksum=f1f76b05
# PERF workload=modexp-1-e1-odd sample=1 iterations=64 ticks=8610 correct=1 checksum=f1f76b05
# PERF workload=modexp-1-e1-odd sample=2 iterations=64 ticks=9813 correct=1 checksum=f1f76b05
ok 27 - modexp-1-e1-odd
# PERF workload=modexp-1-e65537-odd sample=0 iterations=32 ticks=5312 correct=1 checksum=44f81c65
# PERF workload=modexp-1-e65537-odd sample=1 iterations=32 ticks=5112 correct=1 checksum=44f81c65
# PERF workload=modexp-1-e65537-odd sample=2 iterations=32 ticks=4905 correct=1 checksum=44f81c65
ok 28 - modexp-1-e65537-odd
# PERF workload=modexp-2-e3-even sample=0 iterations=8 ticks=3741 correct=1 checksum=66c37b0d
# PERF workload=modexp-2-e3-even sample=1 iterations=8 ticks=2976 correct=1 checksum=66c37b0d
# PERF workload=modexp-2-e3-even sample=2 iterations=8 ticks=2780 correct=1 checksum=66c37b0d
ok 29 - modexp-2-e3-even
# PERF workload=modexp-32-e3-odd sample=0 iterations=2 ticks=19325 correct=1 checksum=cb71ac6d
# PERF workload=modexp-32-e3-odd sample=1 iterations=2 ticks=19464 correct=1 checksum=cb71ac6d
# PERF workload=modexp-32-e3-odd sample=2 iterations=2 ticks=17903 correct=1 checksum=cb71ac6d
ok 30 - modexp-32-e3-odd
# PERF workload=modexp-64-e65537-odd sample=0 iterations=1 ticks=33047 correct=1 checksum=000c5540
# PERF workload=modexp-64-e65537-odd sample=1 iterations=1 ticks=33980 correct=1 checksum=000c5540
# PERF workload=modexp-64-e65537-odd sample=2 iterations=1 ticks=28114 correct=1 checksum=000c5540
ok 31 - modexp-64-e65537-odd
# PERF workload=modexp-512-e1-odd sample=0 iterations=1 ticks=1617827 correct=1 checksum=000c5540
# PERF workload=modexp-512-e1-odd sample=1 iterations=1 ticks=1444608 correct=1 checksum=000c5540
# PERF workload=modexp-512-e1-odd sample=2 iterations=1 ticks=1581150 correct=1 checksum=000c5540
ok 32 - modexp-512-e1-odd
# PERF workload=sha-0 sample=0 iterations=512 ticks=25812 correct=1 checksum=e2534dc5
# PERF workload=sha-0 sample=1 iterations=512 ticks=25301 correct=1 checksum=e2534dc5
# PERF workload=sha-0 sample=2 iterations=512 ticks=25055 correct=1 checksum=e2534dc5
ok 33 - sha-0
# PERF workload=sha-1 sample=0 iterations=512 ticks=24970 correct=1 checksum=c637ddc5
# PERF workload=sha-1 sample=1 iterations=512 ticks=24441 correct=1 checksum=c637ddc5
# PERF workload=sha-1 sample=2 iterations=512 ticks=22170 correct=1 checksum=c637ddc5
ok 34 - sha-1
# PERF workload=sha-63 sample=0 iterations=256 ticks=18622 correct=1 checksum=13e74dc5
# PERF workload=sha-63 sample=1 iterations=256 ticks=18040 correct=1 checksum=13e74dc5
# PERF workload=sha-63 sample=2 iterations=256 ticks=17855 correct=1 checksum=13e74dc5
ok 35 - sha-63
# PERF workload=sha-65 sample=0 iterations=256 ticks=16702 correct=1 checksum=6a9f6dc5
# PERF workload=sha-65 sample=1 iterations=256 ticks=18364 correct=1 checksum=6a9f6dc5
# PERF workload=sha-65 sample=2 iterations=256 ticks=17322 correct=1 checksum=6a9f6dc5
ok 36 - sha-65
# PERF workload=sha-4096 sample=0 iterations=8 ticks=9928 correct=1 checksum=ffbbb025
# PERF workload=sha-4096 sample=1 iterations=8 ticks=10285 correct=1 checksum=ffbbb025
# PERF workload=sha-4096 sample=2 iterations=8 ticks=9449 correct=1 checksum=ffbbb025
ok 37 - sha-4096
# PERF workload=sha-1MiB sample=0 iterations=1 ticks=278617 correct=1 checksum=70d531fa
# PERF workload=sha-1MiB sample=1 iterations=1 ticks=295967 correct=1 checksum=70d531fa
# PERF workload=sha-1MiB sample=2 iterations=1 ticks=305018 correct=1 checksum=70d531fa
ok 38 - sha-1MiB
# PERF workload=des-block sample=0 iterations=128 ticks=42215 correct=1 checksum=1ecc1ac5
# PERF workload=des-block sample=1 iterations=128 ticks=40254 correct=1 checksum=1ecc1ac5
# PERF workload=des-block sample=2 iterations=128 ticks=40543 correct=1 checksum=1ecc1ac5
ok 39 - des-block
# PERF workload=des3-block sample=0 iterations=64 ticks=60603 correct=1 checksum=097b5b45
# PERF workload=des3-block sample=1 iterations=64 ticks=56812 correct=1 checksum=097b5b45
# PERF workload=des3-block sample=2 iterations=64 ticks=57136 correct=1 checksum=097b5b45
ok 40 - des3-block
# PERF workload=des-cbc-4096 sample=0 iterations=2 ticks=288204 correct=1 checksum=5478e751
# PERF workload=des-cbc-4096 sample=1 iterations=2 ticks=312434 correct=1 checksum=5478e751
# PERF workload=des-cbc-4096 sample=2 iterations=2 ticks=305375 correct=1 checksum=5478e751
ok 41 - des-cbc-4096
# PERF workload=des3-cbc-4096 sample=0 iterations=1 ticks=458597 correct=1 checksum=5d7864c7
# PERF workload=des3-cbc-4096 sample=1 iterations=1 ticks=434113 correct=1 checksum=5d7864c7
# PERF workload=des3-cbc-4096 sample=2 iterations=1 ticks=458339 correct=1 checksum=5d7864c7
ok 42 - des3-cbc-4096
# PERF-SUMMARY workloads=41 failures=0
== kernel-performance end PASS ==
