== kernel-performance begin ==
TAP version 14
1..42
# PERF-META version=1 clock=KeQueryPerformanceCounter frequency=3374488 samples=3
ok 1 - public-known-answers
# PERF workload=empty sample=0 iterations=1000 ticks=1174 correct=1 checksum=811c9dc5
# PERF workload=empty sample=1 iterations=1000 ticks=707 correct=1 checksum=811c9dc5
# PERF workload=empty sample=2 iterations=1000 ticks=651 correct=1 checksum=811c9dc5
ok 2 - empty
# PERF workload=pin-1 sample=0 iterations=1000 ticks=867711 correct=1 checksum=001f0ae5
# PERF workload=pin-1 sample=1 iterations=1000 ticks=918416 correct=1 checksum=001f0ae5
# PERF workload=pin-1 sample=2 iterations=1000 ticks=889989 correct=1 checksum=001f0ae5
ok 3 - pin-1
# PERF workload=pin-16 sample=0 iterations=500 ticks=471620 correct=1 checksum=64683dd5
# PERF workload=pin-16 sample=1 iterations=500 ticks=394694 correct=1 checksum=64683dd5
# PERF workload=pin-16 sample=2 iterations=500 ticks=360880 correct=1 checksum=64683dd5
ok 4 - pin-16
# PERF workload=pin-64 sample=0 iterations=100 ticks=100158 correct=1 checksum=47064095
# PERF workload=pin-64 sample=1 iterations=100 ticks=108903 correct=1 checksum=47064095
# PERF workload=pin-64 sample=2 iterations=100 ticks=100564 correct=1 checksum=47064095
ok 5 - pin-64
# PERF workload=pin-65 sample=0 iterations=100 ticks=115967 correct=1 checksum=87328095
# PERF workload=pin-65 sample=1 iterations=100 ticks=115268 correct=1 checksum=87328095
# PERF workload=pin-65 sample=2 iterations=100 ticks=112156 correct=1 checksum=87328095
ok 6 - pin-65
# PERF workload=pin-256 sample=0 iterations=32 ticks=55927 correct=1 checksum=3dcae445
# PERF workload=pin-256 sample=1 iterations=32 ticks=57621 correct=1 checksum=3dcae445
# PERF workload=pin-256 sample=2 iterations=32 ticks=53927 correct=1 checksum=3dcae445
ok 7 - pin-256
# PERF workload=pin-4096 sample=0 iterations=4 ticks=51440 correct=1 checksum=8995f515
# PERF workload=pin-4096 sample=1 iterations=4 ticks=53747 correct=1 checksum=8995f515
# PERF workload=pin-4096 sample=2 iterations=4 ticks=52983 correct=1 checksum=8995f515
ok 8 - pin-4096
# PERF workload=pin-reject-0 sample=0 iterations=500 ticks=187945 correct=1 checksum=fa823dd5
# PERF workload=pin-reject-0 sample=1 iterations=500 ticks=197111 correct=1 checksum=fa823dd5
# PERF workload=pin-reject-0 sample=2 iterations=500 ticks=208752 correct=1 checksum=fa823dd5
ok 9 - pin-reject-0
# PERF workload=pin-reject-32 sample=0 iterations=100 ticks=36914 correct=1 checksum=d6d598d5
# PERF workload=pin-reject-32 sample=1 iterations=100 ticks=42660 correct=1 checksum=d6d598d5
# PERF workload=pin-reject-32 sample=2 iterations=100 ticks=44361 correct=1 checksum=d6d598d5
ok 10 - pin-reject-32
# PERF workload=pin-reject-64 sample=0 iterations=100 ticks=46275 correct=1 checksum=05406a95
# PERF workload=pin-reject-64 sample=1 iterations=100 ticks=47593 correct=1 checksum=05406a95
# PERF workload=pin-reject-64 sample=2 iterations=100 ticks=46177 correct=1 checksum=05406a95
ok 11 - pin-reject-64
# PERF workload=pin-reject-65 sample=0 iterations=100 ticks=53733 correct=1 checksum=5e9252d9
# PERF workload=pin-reject-65 sample=1 iterations=100 ticks=39966 correct=1 checksum=5e9252d9
# PERF workload=pin-reject-65 sample=2 iterations=100 ticks=47365 correct=1 checksum=5e9252d9
ok 12 - pin-reject-65
# PERF workload=pool-1 sample=0 iterations=64 ticks=2712 correct=1 checksum=94b82d05
# PERF workload=pool-1 sample=1 iterations=64 ticks=1653 correct=1 checksum=94b82d05
# PERF workload=pool-1 sample=2 iterations=64 ticks=925 correct=1 checksum=94b82d05
ok 13 - pool-1
# PERF workload=pool-16 sample=0 iterations=16 ticks=1174 correct=1 checksum=e42fe4b5
# PERF workload=pool-16 sample=1 iterations=16 ticks=902 correct=1 checksum=e42fe4b5
# PERF workload=pool-16 sample=2 iterations=16 ticks=1166 correct=1 checksum=e42fe4b5
ok 14 - pool-16
# PERF workload=pool-256 sample=0 iterations=4 ticks=3217 correct=1 checksum=71edb609
# PERF workload=pool-256 sample=1 iterations=4 ticks=2997 correct=1 checksum=71edb609
# PERF workload=pool-256 sample=2 iterations=4 ticks=2423 correct=1 checksum=71edb609
ok 15 - pool-256
# PERF workload=pool-1024 sample=0 iterations=1 ticks=3526 correct=1 checksum=9c0bb7d4
# PERF workload=pool-1024 sample=1 iterations=1 ticks=2135 correct=1 checksum=9c0bb7d4
# PERF workload=pool-1024 sample=2 iterations=1 ticks=2849 correct=1 checksum=9c0bb7d4
ok 16 - pool-1024
# PERF workload=pool-fragmented-fail-4 sample=0 iterations=16 ticks=18390 correct=1 checksum=312ec415
# PERF workload=pool-fragmented-fail-4 sample=1 iterations=16 ticks=14007 correct=1 checksum=312ec415
# PERF workload=pool-fragmented-fail-4 sample=2 iterations=16 ticks=14253 correct=1 checksum=312ec415
ok 17 - pool-fragmented-fail-4
# PERF workload=sysva-1 sample=0 iterations=32 ticks=4994 correct=1 checksum=d59e4cc5
# PERF workload=sysva-1 sample=1 iterations=32 ticks=2232 correct=1 checksum=d59e4cc5
# PERF workload=sysva-1 sample=2 iterations=32 ticks=2497 correct=1 checksum=d59e4cc5
ok 18 - sysva-1
# PERF workload=sysva-16 sample=0 iterations=8 ticks=1630 correct=1 checksum=c3aaac85
# PERF workload=sysva-16 sample=1 iterations=8 ticks=1531 correct=1 checksum=c3aaac85
# PERF workload=sysva-16 sample=2 iterations=8 ticks=1392 correct=1 checksum=c3aaac85
ok 19 - sysva-16
# PERF workload=sysva-1024 sample=0 iterations=1 ticks=15552 correct=1 checksum=a10bbfb3
# PERF workload=sysva-1024 sample=1 iterations=1 ticks=11270 correct=1 checksum=a10bbfb3
# PERF workload=sysva-1024 sample=2 iterations=1 ticks=12993 correct=1 checksum=a10bbfb3
ok 20 - sysva-1024
# PERF workload=sysva-1025 sample=0 iterations=1 ticks=12890 correct=1 checksum=a10bbfb3
# PERF workload=sysva-1025 sample=1 iterations=1 ticks=8978 correct=1 checksum=a10bbfb3
# PERF workload=sysva-1025 sample=2 iterations=1 ticks=10558 correct=1 checksum=a10bbfb3
ok 21 - sysva-1025
# PERF workload=sysva-4096 sample=0 iterations=1 ticks=48569 correct=1 checksum=a10bbfb3
# PERF workload=sysva-4096 sample=1 iterations=1 ticks=49169 correct=1 checksum=a10bbfb3
# PERF workload=sysva-4096 sample=2 iterations=1 ticks=50244 correct=1 checksum=a10bbfb3
ok 22 - sysva-4096
# PERF workload=object-cold-64 sample=0 iterations=1 ticks=1307 correct=1 checksum=5b4102c5
ok 23 - object-cold-64
# PERF workload=object-warm-1 sample=0 iterations=1000 ticks=7398 correct=1 checksum=bb222565
# PERF workload=object-warm-1 sample=1 iterations=1000 ticks=6929 correct=1 checksum=bb222565
# PERF workload=object-warm-1 sample=2 iterations=1000 ticks=8240 correct=1 checksum=bb222565
ok 24 - object-warm-1
# PERF workload=object-warm-8 sample=0 iterations=128 ticks=5820 correct=1 checksum=1f6f2dc5
# PERF workload=object-warm-8 sample=1 iterations=128 ticks=5795 correct=1 checksum=1f6f2dc5
# PERF workload=object-warm-8 sample=2 iterations=128 ticks=5878 correct=1 checksum=1f6f2dc5
ok 25 - object-warm-8
# PERF workload=object-warm-64 sample=0 iterations=16 ticks=7004 correct=1 checksum=1f6f2dc5
# PERF workload=object-warm-64 sample=1 iterations=16 ticks=7024 correct=1 checksum=1f6f2dc5
# PERF workload=object-warm-64 sample=2 iterations=16 ticks=6911 correct=1 checksum=1f6f2dc5
ok 26 - object-warm-64
# PERF workload=modexp-1-e1-odd sample=0 iterations=64 ticks=12040 correct=1 checksum=f1f76b05
# PERF workload=modexp-1-e1-odd sample=1 iterations=64 ticks=9323 correct=1 checksum=f1f76b05
# PERF workload=modexp-1-e1-odd sample=2 iterations=64 ticks=8712 correct=1 checksum=f1f76b05
ok 27 - modexp-1-e1-odd
# PERF workload=modexp-1-e65537-odd sample=0 iterations=32 ticks=5060 correct=1 checksum=44f81c65
# PERF workload=modexp-1-e65537-odd sample=1 iterations=32 ticks=5257 correct=1 checksum=44f81c65
# PERF workload=modexp-1-e65537-odd sample=2 iterations=32 ticks=5010 correct=1 checksum=44f81c65
ok 28 - modexp-1-e65537-odd
# PERF workload=modexp-2-e3-even sample=0 iterations=8 ticks=3730 correct=1 checksum=66c37b0d
# PERF workload=modexp-2-e3-even sample=1 iterations=8 ticks=2984 correct=1 checksum=66c37b0d
# PERF workload=modexp-2-e3-even sample=2 iterations=8 ticks=2688 correct=1 checksum=66c37b0d
ok 29 - modexp-2-e3-even
# PERF workload=modexp-32-e3-odd sample=0 iterations=2 ticks=20439 correct=1 checksum=cb71ac6d
# PERF workload=modexp-32-e3-odd sample=1 iterations=2 ticks=17209 correct=1 checksum=cb71ac6d
# PERF workload=modexp-32-e3-odd sample=2 iterations=2 ticks=15269 correct=1 checksum=cb71ac6d
ok 30 - modexp-32-e3-odd
# PERF workload=modexp-64-e65537-odd sample=0 iterations=1 ticks=46467 correct=1 checksum=000c5540
# PERF workload=modexp-64-e65537-odd sample=1 iterations=1 ticks=38798 correct=1 checksum=000c5540
# PERF workload=modexp-64-e65537-odd sample=2 iterations=1 ticks=38460 correct=1 checksum=000c5540
ok 31 - modexp-64-e65537-odd
# PERF workload=modexp-512-e1-odd sample=0 iterations=1 ticks=1468149 correct=1 checksum=000c5540
# PERF workload=modexp-512-e1-odd sample=1 iterations=1 ticks=1357537 correct=1 checksum=000c5540
# PERF workload=modexp-512-e1-odd sample=2 iterations=1 ticks=1389393 correct=1 checksum=000c5540
ok 32 - modexp-512-e1-odd
# PERF workload=sha-0 sample=0 iterations=512 ticks=22897 correct=1 checksum=e2534dc5
# PERF workload=sha-0 sample=1 iterations=512 ticks=21127 correct=1 checksum=e2534dc5
# PERF workload=sha-0 sample=2 iterations=512 ticks=21518 correct=1 checksum=e2534dc5
ok 33 - sha-0
# PERF workload=sha-1 sample=0 iterations=512 ticks=22297 correct=1 checksum=c637ddc5
# PERF workload=sha-1 sample=1 iterations=512 ticks=20978 correct=1 checksum=c637ddc5
# PERF workload=sha-1 sample=2 iterations=512 ticks=22151 correct=1 checksum=c637ddc5
ok 34 - sha-1
# PERF workload=sha-63 sample=0 iterations=256 ticks=15532 correct=1 checksum=13e74dc5
# PERF workload=sha-63 sample=1 iterations=256 ticks=13753 correct=1 checksum=13e74dc5
# PERF workload=sha-63 sample=2 iterations=256 ticks=13851 correct=1 checksum=13e74dc5
ok 35 - sha-63
# PERF workload=sha-65 sample=0 iterations=256 ticks=15120 correct=1 checksum=6a9f6dc5
# PERF workload=sha-65 sample=1 iterations=256 ticks=14068 correct=1 checksum=6a9f6dc5
# PERF workload=sha-65 sample=2 iterations=256 ticks=13729 correct=1 checksum=6a9f6dc5
ok 36 - sha-65
# PERF workload=sha-4096 sample=0 iterations=8 ticks=7342 correct=1 checksum=ffbbb025
# PERF workload=sha-4096 sample=1 iterations=8 ticks=8196 correct=1 checksum=ffbbb025
# PERF workload=sha-4096 sample=2 iterations=8 ticks=7664 correct=1 checksum=ffbbb025
ok 37 - sha-4096
# PERF workload=sha-1MiB sample=0 iterations=1 ticks=265962 correct=1 checksum=70d531fa
# PERF workload=sha-1MiB sample=1 iterations=1 ticks=269902 correct=1 checksum=70d531fa
# PERF workload=sha-1MiB sample=2 iterations=1 ticks=230641 correct=1 checksum=70d531fa
ok 38 - sha-1MiB
# PERF workload=des-block sample=0 iterations=128 ticks=33133 correct=1 checksum=1ecc1ac5
# PERF workload=des-block sample=1 iterations=128 ticks=37617 correct=1 checksum=1ecc1ac5
# PERF workload=des-block sample=2 iterations=128 ticks=39334 correct=1 checksum=1ecc1ac5
ok 39 - des-block
# PERF workload=des3-block sample=0 iterations=64 ticks=53230 correct=1 checksum=097b5b45
# PERF workload=des3-block sample=1 iterations=64 ticks=50818 correct=1 checksum=097b5b45
# PERF workload=des3-block sample=2 iterations=64 ticks=50946 correct=1 checksum=097b5b45
ok 40 - des3-block
# PERF workload=des-cbc-4096 sample=0 iterations=2 ticks=271398 correct=1 checksum=5478e751
# PERF workload=des-cbc-4096 sample=1 iterations=2 ticks=282177 correct=1 checksum=5478e751
# PERF workload=des-cbc-4096 sample=2 iterations=2 ticks=353493 correct=1 checksum=5478e751
ok 41 - des-cbc-4096
# PERF workload=des3-cbc-4096 sample=0 iterations=1 ticks=416095 correct=1 checksum=5d7864c7
# PERF workload=des3-cbc-4096 sample=1 iterations=1 ticks=366839 correct=1 checksum=5d7864c7
# PERF workload=des3-cbc-4096 sample=2 iterations=1 ticks=462104 correct=1 checksum=5d7864c7
ok 42 - des3-cbc-4096
# PERF-SUMMARY workloads=41 failures=0
== kernel-performance end PASS ==
