test_build_records_image_hash_and_revision (test_firmware.BuildTests.test_build_records_image_hash_and_revision) ... ok
test_build_uses_commit_epoch_for_reproducible_pe_headers (test_firmware.BuildTests.test_build_uses_commit_epoch_for_reproducible_pe_headers) ... ok
test_clone_dissociates_existing_source_object_alternates (test_firmware.BuildTests.test_clone_dissociates_existing_source_object_alternates) ... ok
test_empty_patches_keep_original_source_and_tree (test_firmware.BuildTests.test_empty_patches_keep_original_source_and_tree) ... ok
test_failed_build_invalidates_previous_flash (test_firmware.BuildTests.test_failed_build_invalidates_previous_flash) ... ok
test_failed_patch_application_preserves_base (test_firmware.BuildTests.test_failed_patch_application_preserves_base) ... ok
test_malformed_lock_is_rejected (test_firmware.BuildTests.test_malformed_lock_is_rejected) ... ok
test_missing_patch_fails (test_firmware.BuildTests.test_missing_patch_fails) ... ok
test_modified_source_is_rejected (test_firmware.BuildTests.test_modified_source_is_rejected) ... ok
test_ordered_patches_and_rebuild_use_fresh_reproducible_source (test_firmware.BuildTests.test_ordered_patches_and_rebuild_use_fresh_reproducible_source) ... ok
test_output_inside_source_is_rejected_without_deleting_source (test_firmware.BuildTests.test_output_inside_source_is_rejected_without_deleting_source) ... ok
test_patch_hash_mismatch_invalidates_stale_image (test_firmware.BuildTests.test_patch_hash_mismatch_invalidates_stale_image) ... ok
test_patch_paths_reject_absolute_traversal_and_symlink_escape (test_firmware.BuildTests.test_patch_paths_reject_absolute_traversal_and_symlink_escape) ... ok
test_patch_schema_rejects_malformed_entries (test_firmware.BuildTests.test_patch_schema_rejects_malformed_entries) ... ok
test_patched_build_under_broken_ancestor_worktree_git_link (test_firmware.BuildTests.test_patched_build_under_broken_ancestor_worktree_git_link) ... ok
test_patched_source_reaches_cmake_and_preserves_pristine_checkout (test_firmware.BuildTests.test_patched_source_reaches_cmake_and_preserves_pristine_checkout) ... ok
test_rebuild_cleans_cached_linker_products (test_firmware.BuildTests.test_rebuild_cleans_cached_linker_products) ... ok
test_rebuild_does_not_reuse_undeclared_cmake_cache (test_firmware.BuildTests.test_rebuild_does_not_reuse_undeclared_cmake_cache) ... ok
test_reverse_patch_order_fails_before_configuring (test_firmware.BuildTests.test_reverse_patch_order_fails_before_configuring) ... ok
test_root_build_accepts_foreign_owned_pristine_checkout (test_firmware.BuildTests.test_root_build_accepts_foreign_owned_pristine_checkout) ... ok
test_wrong_image_size_is_rejected (test_firmware.BuildTests.test_wrong_image_size_is_rejected) ... ok
test_wrong_revision_is_rejected (test_firmware.BuildTests.test_wrong_revision_is_rejected) ... ok
test_capture_preserves_arguments_disk_and_hashes (test_firmware.LaunchTests.test_capture_preserves_arguments_disk_and_hashes) ... ok
test_complete_tap_passes (test_firmware.LaunchTests.test_complete_tap_passes) ... ok
test_emulator_failure_keeps_diagnostics (test_firmware.LaunchTests.test_emulator_failure_keeps_diagnostics) ... ok
test_existing_capture_is_never_overwritten (test_firmware.LaunchTests.test_existing_capture_is_never_overwritten) ... ok
test_failed_private_conversion_never_launches_or_modifies_seed (test_firmware.LaunchTests.test_failed_private_conversion_never_launches_or_modifies_seed) ... ok
test_missing_media_does_not_launch (test_firmware.LaunchTests.test_missing_media_does_not_launch) ... ok
test_missing_tap_cannot_pass (test_firmware.LaunchTests.test_missing_tap_cannot_pass) ... ok
test_preserved_guest_writes_use_private_copy (test_firmware.LaunchTests.test_preserved_guest_writes_use_private_copy) ... ok
test_timeout_is_a_failure_with_retained_manifest (test_firmware.LaunchTests.test_timeout_is_a_failure_with_retained_manifest) ... ok
test_bailout_fails (test_firmware.TapTests.test_bailout_fails) ... ok
test_bare_failure_record_cannot_be_ignored (test_firmware.TapTests.test_bare_failure_record_cannot_be_ignored) ... ok
test_duplicate_numbers_fail (test_firmware.TapTests.test_duplicate_numbers_fail) ... ok
test_failure_fails (test_firmware.TapTests.test_failure_fails) ... ok
test_incomplete_plan_fails (test_firmware.TapTests.test_incomplete_plan_fails) ... ok
test_multiple_boots_fail (test_firmware.TapTests.test_multiple_boots_fail) ... ok
test_plan_between_results_is_rejected (test_firmware.TapTests.test_plan_between_results_is_rejected) ... ok
test_skipped_tests_are_reported (test_firmware.TapTests.test_skipped_tests_are_reported) ... ok
test_tab_separated_failure_cannot_be_ignored (test_firmware.TapTests.test_tab_separated_failure_cannot_be_ignored) ... ok
test_upstream_tap_version_14_passes (test_firmware.TapTests.test_upstream_tap_version_14_passes) ... ok
test_version_after_results_is_rejected (test_firmware.TapTests.test_version_after_results_is_rejected) ... ok

----------------------------------------------------------------------
Ran 42 tests in 4.031s

OK
