[ CC       ] /work/artifacts/clean-room/final-release-v2/work-bpxponwf/source/tests/xbe/api-regression/main.obj
[ CC       ] /work/artifacts/clean-room/final-release-v2/work-bpxponwf/source/tests/xbe/api-regression/tap.obj
[ CC       ] /work/artifacts/clean-room/final-release-v2/work-bpxponwf/source/tests/xbe/api-regression/rtl/status.obj
[ CC       ] /work/artifacts/clean-room/final-release-v2/work-bpxponwf/source/tests/xbe/api-regression/rtl/string.obj
[ CC       ] /work/artifacts/clean-room/final-release-v2/work-bpxponwf/source/tests/xbe/api-regression/rtl/time.obj
[ CC       ] /work/artifacts/clean-room/final-release-v2/work-bpxponwf/source/tests/xbe/api-regression/rtl/memory.obj
[ CC       ] /work/artifacts/clean-room/final-release-v2/work-bpxponwf/source/tests/xbe/api-regression/rtl/strconv.obj
[ CC       ] /work/artifacts/clean-room/final-release-v2/work-bpxponwf/source/tests/xbe/api-regression/rtl/intconv.obj
[ CC       ] /work/artifacts/clean-room/final-release-v2/work-bpxponwf/source/tests/xbe/api-regression/rtl/nlscase.obj
[ CC       ] /work/artifacts/clean-room/final-release-v2/work-bpxponwf/source/tests/xbe/api-regression/rtl/printf.obj
[ CC       ] /work/artifacts/clean-room/final-release-v2/work-bpxponwf/source/tests/xbe/api-regression/rtl/critsec.obj
[ CC       ] /work/artifacts/clean-room/final-release-v2/work-bpxponwf/source/tests/xbe/api-regression/rtl/byteswap.obj
[ CC       ] /work/artifacts/clean-room/final-release-v2/work-bpxponwf/source/tests/xbe/api-regression/rtl/framewalk.obj
[ CC       ] /work/artifacts/clean-room/final-release-v2/work-bpxponwf/source/tests/xbe/api-regression/ke/event.obj
[ CC       ] /work/artifacts/clean-room/final-release-v2/work-bpxponwf/source/tests/xbe/api-regression/ke/semaphore.obj
[ CC       ] /work/artifacts/clean-room/final-release-v2/work-bpxponwf/source/tests/xbe/api-regression/ke/time.obj
[ CC       ] /work/artifacts/clean-room/final-release-v2/work-bpxponwf/source/tests/xbe/api-regression/ke/timebase.obj
[ CC       ] /work/artifacts/clean-room/final-release-v2/work-bpxponwf/source/tests/xbe/api-regression/ex/pool.obj
[ CC       ] /work/artifacts/clean-room/final-release-v2/work-bpxponwf/source/tests/xbe/api-regression/ex/raise.obj
[ CC       ] /work/artifacts/clean-room/final-release-v2/work-bpxponwf/source/tests/xbe/api-regression/ex/rwlock.obj
[ CC       ] /work/artifacts/clean-room/final-release-v2/work-bpxponwf/source/tests/xbe/api-regression/ex/interlocked.obj
[ CC       ] /work/artifacts/clean-room/final-release-v2/work-bpxponwf/source/tests/xbe/api-regression/ex/list.obj
[ CC       ] /work/artifacts/clean-room/final-release-v2/work-bpxponwf/source/tests/xbe/api-regression/mm/contig.obj
[ CC       ] /work/artifacts/clean-room/final-release-v2/work-bpxponwf/source/tests/xbe/api-regression/io/file.obj
[ CC       ] /work/artifacts/clean-room/final-release-v2/work-bpxponwf/source/tests/xbe/api-regression/io/dvd.obj
[ CC       ] /work/artifacts/clean-room/final-release-v2/work-bpxponwf/source/tests/xbe/api-regression/hal/data.obj
[ CC       ] /work/artifacts/clean-room/final-release-v2/work-bpxponwf/source/tests/xbe/api-regression/hal/portio.obj
[ CC       ] /work/artifacts/clean-room/final-release-v2/work-bpxponwf/source/tests/xbe/api-regression/ob/types.obj
[ CC       ] /work/artifacts/clean-room/final-release-v2/work-bpxponwf/source/tests/xbe/api-regression/ps/thread.obj
[ CC       ] /work/artifacts/clean-room/final-release-v2/work-bpxponwf/source/tests/xbe/api-regression/ke/wait_apc.obj
[ CC       ] /work/artifacts/clean-room/final-release-v2/work-bpxponwf/source/tests/xbe/api-regression/mm/virtual.obj
[ CC       ] /work/artifacts/clean-room/final-release-v2/work-bpxponwf/source/tests/xbe/api-regression/io/dirmask.obj
[ CC       ] /work/artifacts/clean-room/final-release-v2/work-bpxponwf/source/tests/xbe/api-regression/ob/named.obj
[ CC       ] /work/artifacts/clean-room/final-release-v2/work-bpxponwf/source/tests/xbe/api-regression/io/bad_ptr.obj
[ CC       ] /work/artifacts/clean-room/final-release-v2/work-bpxponwf/source/tests/xbe/api-regression/mm/bigpool.obj
[ CC       ] /work/artifacts/clean-room/final-release-v2/work-bpxponwf/source/tests/xbe/api-regression/io/cc_write.obj
[ CC       ] /work/artifacts/clean-room/final-release-v2/work-bpxponwf/source/tests/xbe/api-regression/io/storage.obj
[ CC       ] /work/artifacts/clean-room/final-release-v2/work-bpxponwf/source/tests/xbe/api-regression/io/complete.obj
[ CC       ] /work/artifacts/clean-room/final-release-v2/work-bpxponwf/source/tests/xbe/api-regression/xe/sections.obj
[ CC       ] /work/artifacts/clean-room/final-release-v2/work-bpxponwf/source/tests/xbe/api-regression/mm/vmcontract.obj
[ CC       ] /work/artifacts/clean-room/final-release-v2/work-bpxponwf/source/tests/xbe/api-regression/mm/cache.obj
[ CC       ] /work/artifacts/clean-room/final-release-v2/work-bpxponwf/source/tests/xbe/api-regression/io/mdl.obj
[ CC       ] /work/artifacts/clean-room/final-release-v2/work-bpxponwf/source/tests/xbe/api-regression/io/fileobj.obj
[ CC       ] /work/artifacts/clean-room/final-release-v2/work-bpxponwf/source/tests/xbe/api-regression/io/shareaccess.obj
[ CC       ] /work/artifacts/clean-room/final-release-v2/work-bpxponwf/source/tests/xbe/api-regression/io/irplayout.obj
[ CC       ] /work/artifacts/clean-room/final-release-v2/work-bpxponwf/source/tests/xbe/api-regression/io/fsdreq.obj
[ CC       ] /work/artifacts/clean-room/final-release-v2/work-bpxponwf/source/tests/xbe/api-regression/io/syncreq.obj
[ CC       ] /work/artifacts/clean-room/final-release-v2/work-bpxponwf/source/tests/xbe/api-regression/ke/waitmulti.obj
[ CC       ] /work/artifacts/clean-room/final-release-v2/work-bpxponwf/source/tests/xbe/api-regression/ob/symlink.obj
[ CC       ] /work/artifacts/clean-room/final-release-v2/work-bpxponwf/source/tests/xbe/api-regression/io/finfo.obj
[ CC       ] /work/artifacts/clean-room/final-release-v2/work-bpxponwf/source/tests/xbe/api-regression/io/rawfs.obj
[ CC       ] /work/artifacts/clean-room/final-release-v2/work-bpxponwf/source/tests/xbe/api-regression/ke/exceptions.obj
[ CC       ] /work/artifacts/clean-room/final-release-v2/work-bpxponwf/source/tests/xbe/api-regression/io/fatx16.obj
[ CC       ] /work/artifacts/clean-room/final-release-v2/work-bpxponwf/source/tests/xbe/api-regression/ob/handles.obj
[ CC       ] /work/artifacts/clean-room/final-release-v2/work-bpxponwf/source/tests/xbe/api-regression/xc/parity.obj
[ CC       ] /work/artifacts/clean-room/final-release-v2/work-bpxponwf/source/tests/xbe/api-regression/xc/crypto.obj
[ CC       ] /work/artifacts/clean-room/final-release-v2/work-bpxponwf/source/tests/xbe/api-regression/xc/rsa.obj
[ CC       ] /work/artifacts/clean-room/final-release-v2/work-bpxponwf/source/tests/xbe/api-regression/io/delete.obj
[ CC       ] /work/artifacts/clean-room/final-release-v2/work-bpxponwf/source/tests/xbe/api-regression/ob/refname.obj
[ CC       ] /work/artifacts/clean-room/final-release-v2/work-bpxponwf/source/tests/xbe/api-regression/hal/av.obj
[ CC       ] /work/artifacts/clean-room/final-release-v2/work-bpxponwf/source/tests/xbe/api-regression/kd/flags.obj
[ CC       ] /work/artifacts/clean-room/final-release-v2/work-bpxponwf/source/tests/xbe/api-regression/mm/pressure.obj
[ CC       ] /work/artifacts/clean-room/final-release-v2/work-bpxponwf/source/tests/xbe/api-regression/ke/devqueue.obj
/work/artifacts/clean-room/final-release-v2/work-bpxponwf/source/tests/xbe/api-regression/ke/devqueue.c:200:46: warning: incompatible pointer types passing 'PKDEVICE_QUEUE' (aka 'struct _KDEVICE_QUEUE *') to parameter of type 'PKDEVICE_QUEUE_ENTRY' (aka 'struct _KDEVICE_QUEUE_ENTRY *') [-Wincompatible-pointer-types]
  200 |         first = KeRemoveEntryDeviceQueue(&q, (PKDEVICE_QUEUE)&e);
      |                                              ^~~~~~~~~~~~~~~~~~
/work/artifacts/clean-room/final-release-v2/work-bpxponwf/source/tests/xbe/api-regression/ke/devqueue.c:36:5: note: expanded from macro 'AT_DISPATCH'
   36 |     body; \
      |     ^~~~
/usr/src/nxdk/lib/xboxkrnl/xboxkrnl.h:3639:29: note: passing argument to parameter 'DeviceQueueEntry' here
 3639 |     IN PKDEVICE_QUEUE_ENTRY DeviceQueueEntry
      |                             ^
/work/artifacts/clean-room/final-release-v2/work-bpxponwf/source/tests/xbe/api-regression/ke/devqueue.c:201:47: warning: incompatible pointer types passing 'PKDEVICE_QUEUE' (aka 'struct _KDEVICE_QUEUE *') to parameter of type 'PKDEVICE_QUEUE_ENTRY' (aka 'struct _KDEVICE_QUEUE_ENTRY *') [-Wincompatible-pointer-types]
  201 |         second = KeRemoveEntryDeviceQueue(&q, (PKDEVICE_QUEUE)&e);
      |                                               ^~~~~~~~~~~~~~~~~~
/work/artifacts/clean-room/final-release-v2/work-bpxponwf/source/tests/xbe/api-regression/ke/devqueue.c:36:5: note: expanded from macro 'AT_DISPATCH'
   36 |     body; \
      |     ^~~~
/usr/src/nxdk/lib/xboxkrnl/xboxkrnl.h:3639:29: note: passing argument to parameter 'DeviceQueueEntry' here
 3639 |     IN PKDEVICE_QUEUE_ENTRY DeviceQueueEntry
      |                             ^
2 warnings generated.
[ CC       ] /work/artifacts/clean-room/final-release-v2/work-bpxponwf/source/tests/xbe/api-regression/ke/queue.obj
[ CC       ] /work/artifacts/clean-room/final-release-v2/work-bpxponwf/source/tests/xbe/api-regression/io/irpalloc.obj
[ CC       ] /work/artifacts/clean-room/final-release-v2/work-bpxponwf/source/tests/xbe/api-regression/io/devlife.obj
[ CC       ] /work/artifacts/clean-room/final-release-v2/work-bpxponwf/source/tests/xbe/api-regression/io/asyncreq.obj
[ CC       ] /work/artifacts/clean-room/final-release-v2/work-bpxponwf/source/tests/xbe/api-regression/io/scatter.obj
[ CC       ] /work/artifacts/clean-room/final-release-v2/work-bpxponwf/source/tests/xbe/api-regression/io/iocomp.obj
[ CC       ] /work/artifacts/clean-room/final-release-v2/work-bpxponwf/source/tests/xbe/api-regression/mm/protect.obj
[ CC       ] /work/artifacts/clean-room/final-release-v2/work-bpxponwf/source/tests/xbe/api-regression/ob/query.obj
[ CC       ] /work/artifacts/clean-room/final-release-v2/work-bpxponwf/source/tests/xbe/api-regression/ke/apc.obj
[ CC       ] /work/artifacts/clean-room/final-release-v2/work-bpxponwf/source/tests/xbe/api-regression/io/dismount.obj
[ CC       ] /work/artifacts/clean-room/final-release-v2/work-bpxponwf/source/tests/xbe/api-regression/ke/threadstate.obj
[ CC       ] /work/artifacts/clean-room/final-release-v2/work-bpxponwf/source/tests/xbe/api-regression/ex/timer.obj
[ CC       ] /work/artifacts/clean-room/final-release-v2/work-bpxponwf/source/tests/xbe/api-regression/ke/apcinit.obj
[ CC       ] /work/artifacts/clean-room/final-release-v2/work-bpxponwf/source/tests/xbe/api-regression/ke/apcqueue.obj
[ CC       ] /work/artifacts/clean-room/final-release-v2/work-bpxponwf/source/tests/xbe/api-regression/io/ioquery.obj
[ CC       ] /work/artifacts/clean-room/final-release-v2/work-bpxponwf/source/tests/xbe/api-regression/io/volquery.obj
[ CC       ] /work/artifacts/clean-room/final-release-v2/work-bpxponwf/source/tests/xbe/api-regression/io/startio.obj
[ CC       ] /work/artifacts/clean-room/final-release-v2/work-bpxponwf/source/tests/xbe/api-regression/io/createfile.obj
[ CC       ] /work/artifacts/clean-room/final-release-v2/work-bpxponwf/source/tests/xbe/api-regression/io/threadirp.obj
[ CC       ] /work/artifacts/clean-room/final-release-v2/work-bpxponwf/source/tests/xbe/api-regression/xc/cipher.obj
[ CC       ] /work/artifacts/clean-room/final-release-v2/work-bpxponwf/source/tests/xbe/api-regression/xc/vector.obj
[ CC       ] /work/artifacts/clean-room/final-release-v2/work-bpxponwf/source/tests/xbe/api-regression/xc/align.obj
[ CC       ] /work/artifacts/clean-room/final-release-v2/work-bpxponwf/source/tests/xbe/api-regression/ob/bypointer.obj
[ CC       ] /work/artifacts/clean-room/final-release-v2/work-bpxponwf/source/tests/xbe/api-regression/ke/pulse.obj
[ CC       ] /work/artifacts/clean-room/final-release-v2/work-bpxponwf/source/tests/xbe/api-regression/ke/boost.obj
[ CC       ] /work/artifacts/clean-room/final-release-v2/work-bpxponwf/source/tests/xbe/api-regression/ob/directory.obj
[ CC       ] /work/artifacts/clean-room/final-release-v2/work-bpxponwf/source/tests/xbe/api-regression/ps/notify.obj
[ CC       ] /work/artifacts/clean-room/final-release-v2/work-bpxponwf/source/tests/xbe/api-regression/ps/statistics.obj
[ CC       ] /work/artifacts/clean-room/final-release-v2/work-bpxponwf/source/tests/xbe/api-regression/ob/create.obj
[ CC       ] /work/artifacts/clean-room/final-release-v2/work-bpxponwf/source/tests/xbe/api-regression/ke/dispatcher.obj
[ CC       ] /work/artifacts/clean-room/final-release-v2/work-bpxponwf/source/tests/xbe/api-regression/hal/softint.obj
[ CC       ] /work/artifacts/clean-room/final-release-v2/work-bpxponwf/source/tests/xbe/api-regression/xc/privkey.obj
[ CC       ] /work/artifacts/clean-room/final-release-v2/work-bpxponwf/source/tests/xbe/api-regression/hal/sysint.obj
[ CC       ] /work/artifacts/clean-room/final-release-v2/work-bpxponwf/source/tests/xbe/api-regression/ke/bugcheck.obj
[ CC       ] /work/artifacts/clean-room/final-release-v2/work-bpxponwf/source/tests/xbe/api-regression/hal/smc.obj
[ CC       ] /work/artifacts/clean-room/final-release-v2/work-bpxponwf/source/tests/xbe/api-regression/ke/procprio.obj
[ CC       ] /work/artifacts/clean-room/final-release-v2/work-bpxponwf/source/tests/xbe/api-regression/ex/eeprom.obj
[ CC       ] /work/artifacts/clean-room/final-release-v2/work-bpxponwf/source/tests/xbe/api-regression/xbe/titlekeys.obj
[ CC       ] /work/artifacts/clean-room/final-release-v2/work-bpxponwf/source/tests/xbe/api-regression/xbe/sizeddata.obj
[ LD       ] main.exe
lld: warning: .edata=.rdata: already merged into .edataxb
[ CXBE     ] bin/default.xbe
[ XISO     ] nxkrnl-api-regression.iso
[ CC       ] /work/artifacts/clean-room/final-release-v2/work-bpxponwf/source/tests/xbe/clean-room-contracts/main.obj
[ CC       ] /work/artifacts/clean-room/final-release-v2/work-bpxponwf/source/tests/xbe/clean-room-contracts/pending.obj
[ LD       ] main.exe
lld: warning: .edata=.rdata: already merged into .edataxb
[ CXBE     ] bin/default.xbe
[ XISO     ] clean-room-contracts.iso
[ CC       ] /work/artifacts/clean-room/final-release-v2/work-bpxponwf/source/tests/xbe/clean-room-warm-reboot/main.obj
[ LD       ] main.exe
lld: warning: .edata=.rdata: already merged into .edataxb
[ CXBE     ] bin/default.xbe
[ XISO     ] clean-room-warm-reboot.iso
