== clean-room-contracts begin ==
TAP version 14
1..23
# eligible movable page PA=0x00011000 after 126 chunks
ok 1 - pin-relocation

ok 2 - detached-prompt
ok 3 - live-ide-channel
# IDE lifecycle starts=1 finishes=1 irqs=1 next=1 bad=0
ok 4 - ide-real-io
# pending scatter returns=00000103,00000103 completion order=1,0 APCs=1,1 bad=0
ok 5 - pending-scatter-reverse
# pending gather returns=00000103,00000103 completion order=1,0 APCs=1,1 bad=0
ok 6 - pending-gather-reverse
# error scatter synchronous=1 mode=1 status=c0000011 IOSB=c0000011 bytes=0 APCs=1
ok 7 - inline-error-sync
# error scatter synchronous=0 mode=1 status=c0000011 IOSB=c0000011 bytes=0 APCs=1
ok 8 - inline-error-async
# error scatter synchronous=1 mode=2 status=c0000011 IOSB=c0000011 bytes=0 APCs=1
ok 9 - pending-error-sync
# error scatter synchronous=0 mode=3 status=00000103 IOSB=c0000120 bytes=0 APCs=1
ok 10 - cancel-pending-async
# overflow latch retains one page until reboot (PA=03fc8000)
ok 11 - pin-overflow-safe
ok 12 - scatter_reads_into_each_page
ok 13 - scatter_reads_from_an_offset
ok 14 - gather_writes_from_each_page
ok 15 - sub_page_length_transfers_that_much
ok 16 - segment_low_bits_are_ignored
ok 17 - buffered_handle_is_rejected
ok 18 - straddling_eof_is_a_short_read
ok 19 - read_past_eof_is_end_of_file
# async scatter read returned 0x00000000
ok 20 - asynchronous_handle_signals_its_event
# apc scatter read: status=0x00000000 wait=0x00000102 calls=1
ok 21 - completion_apc_reports_the_whole_transfer
ok 22 - concurrent_async_requests_are_independent
ok 23 - leaves_no_scratch_file
== clean-room-contracts end PASS ==
